emulator: Android virtual device file at: /Users/wojciechfornal/.android/avd/Nexus_5_API_23_x86.ini
emulator: virtual device content at /Users/wojciechfornal/.android/avd/Nexus_5_API_23_x86.avd
emulator: virtual device config file: /Users/wojciechfornal/.android/avd/Nexus_5_API_23_x86.avd/config.ini
emulator: using core hw config path: /Users/wojciechfornal/.android/avd/Nexus_5_API_23_x86.avd/hardware-qemu.ini
emulator: using snapshot lock path: /Users/wojciechfornal/.android/avd/Nexus_5_API_23_x86.avd/snapshot.lock
emulator: using multi-instance lock path: /Users/wojciechfornal/.android/avd/Nexus_5_API_23_x86.avd/multiinstance.lock
emulator: Found target field in root AVD .ini file: 'android-23'
emulator: Found AVD target API level: 23
emulator:     found image search path: system-images/android-23/google_apis/x86/
emulator: found a total of 1 search paths for this AVD
emulator: found build.prop in search dir: /Users/wojciechfornal/Library/Android/sdk/system-images/android-23/google_apis/x86/
emulator: Read property file at /Users/wojciechfornal/Library/Android/sdk/system-images/android-23/google_apis/x86//build.prop
emulator:     no boot.prop in search dir: /Users/wojciechfornal/Library/Android/sdk/system-images/android-23/google_apis/x86/
emulator: No boot.prop property file found.
emulator: Warning: config.ini contains invalid skin.path entry: _no_skin
emulator: Probing skin directory: /Users/wojciechfornal/.android/avd/Nexus_5_API_23_x86.avd/skins/1080x1920
emulator:     ignore bad skin directory /Users/wojciechfornal/.android/avd/Nexus_5_API_23_x86.avd/skins/1080x1920
emulator: Probing skin directory: /Users/wojciechfornal/Library/Android/sdk/system-images/android-23/google_apis/skins/1080x1920
emulator:     ignore bad skin directory /Users/wojciechfornal/Library/Android/sdk/system-images/android-23/google_apis/skins/1080x1920
emulator: autoconfig: -skin 1080x1920
emulator: autoconfig: -skindir (null)
emulator: no skin-specific hardware.ini in (null)
emulator:     no kernel-ranchu-64 in search dir: /Users/wojciechfornal/Library/Android/sdk/system-images/android-23/google_apis/x86/
emulator: found kernel-ranchu in search dir: /Users/wojciechfornal/Library/Android/sdk/system-images/android-23/google_apis/x86/
emulator: autoconfig: -kernel /Users/wojciechfornal/Library/Android/sdk/system-images/android-23/google_apis/x86//kernel-ranchu
emulator: Target arch = 'x86'
emulator: Auto-config: -qemu -cpu qemu32
emulator: Auto-detect: Kernel image requires new device naming scheme.
emulator: Auto-detect: Kernel does not support YAFFS2 partitions.
emulator: found ramdisk.img in search dir: /Users/wojciechfornal/Library/Android/sdk/system-images/android-23/google_apis/x86/
emulator: autoconfig: -ramdisk /Users/wojciechfornal/Library/Android/sdk/system-images/android-23/google_apis/x86//ramdisk.img
emulator: found system.img in search dir: /Users/wojciechfornal/Library/Android/sdk/system-images/android-23/google_apis/x86/
emulator: Using initial system image: /Users/wojciechfornal/Library/Android/sdk/system-images/android-23/google_apis/x86//system.img
emulator:     no vendor.img in search dir: /Users/wojciechfornal/Library/Android/sdk/system-images/android-23/google_apis/x86/
emulator: No vendor image
emulator: autoconfig: -data /Users/wojciechfornal/.android/avd/Nexus_5_API_23_x86.avd/userdata-qemu.img
emulator: autoconfig: -initdata /Users/wojciechfornal/.android/avd/Nexus_5_API_23_x86.avd/userdata.img
emulator: autoconfig: -cache /Users/wojciechfornal/.android/avd/Nexus_5_API_23_x86.avd/cache.img
emulator: autoconfig: -sdcard /Users/wojciechfornal/.android/avd/Nexus_5_API_23_x86.avd/sdcard.img
emulator: Physical RAM size: 1536MB

emulator: VM heap size 64MB is below hardware specified minimum of 384MB,setting it to that value
emulator: System image is read only
emulator: autoconfig: -no-snapshot from AVD config.ini
emulator: Found 2 DNS servers: 192.168.1.1 0.0.0.0
emulator: found advancedFeatures.ini in search dir: /Users/wojciechfornal/Library/Android/sdk/system-images/android-23/google_apis/x86/
INFO: IniFile.cpp:101: Line 1: Skipped comment line.
INFO: IniFile.cpp:101: Line 2: Skipped comment line.
INFO: IniFile.cpp:101: Line 3: Skipped comment line.
INFO: IniFile.cpp:94: Line 4: Skipped empty line.
INFO: IniFile.cpp:101: Line 5: Skipped comment line.
INFO: IniFile.cpp:101: Line 6: Skipped comment line.
INFO: IniFile.cpp:101: Line 7: Skipped comment line.
INFO: IniFile.cpp:101: Line 8: Skipped comment line.
INFO: IniFile.cpp:101: Line 9: Skipped comment line.
INFO: IniFile.cpp:101: Line 10: Skipped comment line.
INFO: IniFile.cpp:101: Line 11: Skipped comment line.
INFO: IniFile.cpp:101: Line 12: Skipped comment line.
INFO: IniFile.cpp:101: Line 13: Skipped comment line.
INFO: IniFile.cpp:101: Line 15: Skipped comment line.
INFO: IniFile.cpp:94: Line 16: Skipped empty line.
INFO: IniFile.cpp:101: Line 17: Skipped comment line.
INFO: IniFile.cpp:101: Line 18: Skipped comment line.
INFO: IniFile.cpp:101: Line 19: Skipped comment line.
INFO: IniFile.cpp:101: Line 20: Skipped comment line.
INFO: IniFile.cpp:101: Line 21: Skipped comment line.
INFO: IniFile.cpp:101: Line 22: Skipped comment line.
INFO: IniFile.cpp:101: Line 23: Skipped comment line.
INFO: IniFile.cpp:101: Line 24: Skipped comment line.
INFO: IniFile.cpp:101: Line 25: Skipped comment line.
INFO: IniFile.cpp:101: Line 26: Skipped comment line.
INFO: IniFile.cpp:101: Line 27: Skipped comment line.
INFO: IniFile.cpp:101: Line 28: Skipped comment line.
INFO: IniFile.cpp:101: Line 29: Skipped comment line.
INFO: IniFile.cpp:101: Line 30: Skipped comment line.
INFO: IniFile.cpp:101: Line 31: Skipped comment line.
INFO: IniFile.cpp:101: Line 32: Skipped comment line.
INFO: IniFile.cpp:101: Line 33: Skipped comment line.
INFO: IniFile.cpp:101: Line 34: Skipped comment line.
INFO: IniFile.cpp:101: Line 36: Skipped comment line.
INFO: IniFile.cpp:94: Line 37: Skipped empty line.
INFO: IniFile.cpp:101: Line 38: Skipped comment line.
INFO: IniFile.cpp:101: Line 39: Skipped comment line.
INFO: IniFile.cpp:101: Line 40: Skipped comment line.
INFO: IniFile.cpp:101: Line 41: Skipped comment line.
INFO: IniFile.cpp:101: Line 42: Skipped comment line.
INFO: IniFile.cpp:101: Line 43: Skipped comment line.
INFO: IniFile.cpp:101: Line 44: Skipped comment line.
INFO: IniFile.cpp:101: Line 45: Skipped comment line.
INFO: IniFile.cpp:101: Line 46: Skipped comment line.
INFO: IniFile.cpp:101: Line 47: Skipped comment line.
INFO: IniFile.cpp:101: Line 48: Skipped comment line.
INFO: IniFile.cpp:101: Line 49: Skipped comment line.
INFO: IniFile.cpp:101: Line 50: Skipped comment line.
INFO: IniFile.cpp:101: Line 51: Skipped comment line.
INFO: IniFile.cpp:101: Line 52: Skipped comment line.
INFO: IniFile.cpp:101: Line 53: Skipped comment line.
INFO: IniFile.cpp:101: Line 54: Skipped comment line.
INFO: IniFile.cpp:101: Line 55: Skipped comment line.
INFO: IniFile.cpp:101: Line 56: Skipped comment line.
INFO: IniFile.cpp:101: Line 57: Skipped comment line.
INFO: IniFile.cpp:101: Line 58: Skipped comment line.
INFO: IniFile.cpp:101: Line 59: Skipped comment line.
INFO: IniFile.cpp:101: Line 60: Skipped comment line.
INFO: IniFile.cpp:101: Line 61: Skipped comment line.
INFO: IniFile.cpp:101: Line 62: Skipped comment line.
INFO: IniFile.cpp:101: Line 64: Skipped comment line.
INFO: IniFile.cpp:94: Line 65: Skipped empty line.
INFO: IniFile.cpp:101: Line 66: Skipped comment line.
INFO: IniFile.cpp:101: Line 67: Skipped comment line.
INFO: IniFile.cpp:101: Line 68: Skipped comment line.
INFO: IniFile.cpp:101: Line 69: Skipped comment line.
INFO: IniFile.cpp:101: Line 70: Skipped comment line.
INFO: IniFile.cpp:101: Line 71: Skipped comment line.
INFO: IniFile.cpp:101: Line 72: Skipped comment line.
INFO: IniFile.cpp:101: Line 74: Skipped comment line.
INFO: IniFile.cpp:94: Line 75: Skipped empty line.
INFO: IniFile.cpp:101: Line 76: Skipped comment line.
INFO: IniFile.cpp:101: Line 77: Skipped comment line.
INFO: IniFile.cpp:101: Line 78: Skipped comment line.
INFO: IniFile.cpp:101: Line 79: Skipped comment line.
INFO: IniFile.cpp:101: Line 80: Skipped comment line.
INFO: IniFile.cpp:101: Line 81: Skipped comment line.
INFO: IniFile.cpp:101: Line 82: Skipped comment line.
INFO: IniFile.cpp:101: Line 83: Skipped comment line.
INFO: IniFile.cpp:101: Line 84: Skipped comment line.
INFO: IniFile.cpp:101: Line 85: Skipped comment line.
INFO: IniFile.cpp:101: Line 86: Skipped comment line.
INFO: IniFile.cpp:101: Line 88: Skipped comment line.
INFO: IniFile.cpp:94: Line 89: Skipped empty line.
INFO: IniFile.cpp:94: Line 90: Skipped empty line.
INFO: IniFile.cpp:101: Line 91: Skipped comment line.
INFO: IniFile.cpp:101: Line 92: Skipped comment line.
INFO: IniFile.cpp:101: Line 93: Skipped comment line.
INFO: IniFile.cpp:101: Line 94: Skipped comment line.
INFO: IniFile.cpp:101: Line 95: Skipped comment line.
INFO: IniFile.cpp:101: Line 96: Skipped comment line.
INFO: IniFile.cpp:101: Line 98: Skipped comment line.
INFO: IniFile.cpp:94: Line 99: Skipped empty line.
INFO: IniFile.cpp:101: Line 100: Skipped comment line.
INFO: IniFile.cpp:101: Line 101: Skipped comment line.
INFO: IniFile.cpp:101: Line 102: Skipped comment line.
INFO: IniFile.cpp:101: Line 103: Skipped comment line.
INFO: IniFile.cpp:101: Line 105: Skipped comment line.
INFO: IniFile.cpp:94: Line 106: Skipped empty line.
INFO: IniFile.cpp:101: Line 107: Skipped comment line.
INFO: IniFile.cpp:101: Line 108: Skipped comment line.
INFO: IniFile.cpp:101: Line 109: Skipped comment line.
INFO: IniFile.cpp:101: Line 110: Skipped comment line.
INFO: IniFile.cpp:101: Line 111: Skipped comment line.
INFO: IniFile.cpp:101: Line 112: Skipped comment line.
INFO: IniFile.cpp:101: Line 113: Skipped comment line.
INFO: IniFile.cpp:101: Line 114: Skipped comment line.
INFO: IniFile.cpp:101: Line 116: Skipped comment line.
INFO: IniFile.cpp:94: Line 117: Skipped empty line.
INFO: IniFile.cpp:101: Line 118: Skipped comment line.
INFO: IniFile.cpp:101: Line 119: Skipped comment line.
INFO: IniFile.cpp:101: Line 120: Skipped comment line.
INFO: IniFile.cpp:101: Line 121: Skipped comment line.
INFO: IniFile.cpp:101: Line 122: Skipped comment line.
INFO: IniFile.cpp:94: Line 124: Skipped empty line.
INFO: IniFile.cpp:101: Line 125: Skipped comment line.
INFO: IniFile.cpp:101: Line 126: Skipped comment line.
INFO: IniFile.cpp:101: Line 127: Skipped comment line.
INFO: IniFile.cpp:101: Line 128: Skipped comment line.
INFO: IniFile.cpp:101: Line 129: Skipped comment line.
INFO: IniFile.cpp:101: Line 130: Skipped comment line.
INFO: IniFile.cpp:101: Line 131: Skipped comment line.
INFO: IniFile.cpp:101: Line 132: Skipped comment line.
INFO: IniFile.cpp:101: Line 134: Skipped comment line.
INFO: IniFile.cpp:94: Line 135: Skipped empty line.
INFO: IniFile.cpp:101: Line 136: Skipped comment line.
INFO: IniFile.cpp:101: Line 137: Skipped comment line.
INFO: IniFile.cpp:101: Line 138: Skipped comment line.
INFO: IniFile.cpp:101: Line 140: Skipped comment line.
INFO: IniFile.cpp:94: Line 141: Skipped empty line.
INFO: IniFile.cpp:101: Line 142: Skipped comment line.
INFO: IniFile.cpp:101: Line 143: Skipped comment line.
INFO: IniFile.cpp:101: Line 144: Skipped comment line.
INFO: IniFile.cpp:101: Line 146: Skipped comment line.
INFO: IniFile.cpp:94: Line 147: Skipped empty line.
INFO: IniFile.cpp:101: Line 148: Skipped comment line.
INFO: IniFile.cpp:101: Line 149: Skipped comment line.
INFO: IniFile.cpp:101: Line 150: Skipped comment line.
INFO: IniFile.cpp:101: Line 152: Skipped comment line.
INFO: IniFile.cpp:94: Line 153: Skipped empty line.
INFO: IniFile.cpp:101: Line 154: Skipped comment line.
INFO: IniFile.cpp:101: Line 155: Skipped comment line.
INFO: IniFile.cpp:101: Line 156: Skipped comment line.
INFO: IniFile.cpp:101: Line 157: Skipped comment line.
INFO: IniFile.cpp:101: Line 158: Skipped comment line.
INFO: IniFile.cpp:101: Line 159: Skipped comment line.
INFO: IniFile.cpp:94: Line 164: Skipped empty line.
INFO: IniFile.cpp:101: Line 165: Skipped comment line.
INFO: IniFile.cpp:101: Line 166: Skipped comment line.
INFO: IniFile.cpp:101: Line 167: Skipped comment line.
INFO: IniFile.cpp:101: Line 169: Skipped comment line.
INFO: IniFile.cpp:94: Line 170: Skipped empty line.
INFO: IniFile.cpp:101: Line 171: Skipped comment line.
INFO: IniFile.cpp:101: Line 172: Skipped comment line.
INFO: IniFile.cpp:101: Line 174: Skipped comment line.
INFO: IniFile.cpp:94: Line 175: Skipped empty line.
INFO: IniFile.cpp:101: Line 176: Skipped comment line.
INFO: IniFile.cpp:101: Line 177: Skipped comment line.
INFO: IniFile.cpp:94: Line 179: Skipped empty line.
INFO: IniFile.cpp:101: Line 180: Skipped comment line.
INFO: IniFile.cpp:101: Line 181: Skipped comment line.
INFO: IniFile.cpp:101: Line 182: Skipped comment line.
INFO: IniFile.cpp:94: Line 184: Skipped empty line.
INFO: IniFile.cpp:101: Line 185: Skipped comment line.
INFO: IniFile.cpp:101: Line 186: Skipped comment line.
INFO: IniFile.cpp:101: Line 187: Skipped comment line.
INFO: IniFile.cpp:94: Line 189: Skipped empty line.
INFO: IniFile.cpp:101: Line 190: Skipped comment line.
INFO: IniFile.cpp:101: Line 191: Skipped comment line.
INFO: IniFile.cpp:94: Line 193: Skipped empty line.
INFO: IniFile.cpp:101: Line 194: Skipped comment line.
INFO: IniFile.cpp:101: Line 195: Skipped comment line.
INFO: IniFile.cpp:94: Line 197: Skipped empty line.
INFO: IniFile.cpp:101: Line 198: Skipped comment line.
INFO: IniFile.cpp:101: Line 199: Skipped comment line.
INFO: IniFile.cpp:94: Line 201: Skipped empty line.
INFO: IniFile.cpp:101: Line 202: Skipped comment line.
INFO: IniFile.cpp:101: Line 203: Skipped comment line.
INFO: IniFile.cpp:94: Line 205: Skipped empty line.
INFO: IniFile.cpp:101: Line 206: Skipped comment line.
INFO: IniFile.cpp:94: Line 208: Skipped empty line.
INFO: IniFile.cpp:101: Line 209: Skipped comment line.
INFO: IniFile.cpp:94: Line 211: Skipped empty line.
INFO: IniFile.cpp:101: Line 212: Skipped comment line.
INFO: IniFile.cpp:94: Line 214: Skipped empty line.
INFO: IniFile.cpp:101: Line 215: Skipped comment line.
INFO: IniFile.cpp:94: Line 217: Skipped empty line.
INFO: IniFile.cpp:101: Line 218: Skipped comment line.
INFO: IniFile.cpp:94: Line 220: Skipped empty line.
INFO: IniFile.cpp:101: Line 221: Skipped comment line.
INFO: IniFile.cpp:101: Line 222: Skipped comment line.
INFO: IniFile.cpp:101: Line 223: Skipped comment line.
emulator: found magic skin width=1080 height=1920 bpp=16

emulator:     no qwerty2.kcm in search dir: /Users/wojciechfornal/Library/Android/sdk/system-images/android-23/google_apis/x86/
INFO: interface.cpp:142: Refreshing RAM file (size mismatch): existing 0 current 1610612736
emulator:     no qwerty2.kcm in search dir: /Users/wojciechfornal/Library/Android/sdk/system-images/android-23/google_apis/x86/
emulator: CPU Acceleration: working
emulator: CPU Acceleration status: HAXM version 7.3.2 (4) is installed and usable.
emulator: found system.img in search dir: /Users/wojciechfornal/Library/Android/sdk/system-images/android-23/google_apis/x86/
emulator: Qt lib path: /Users/wojciechfornal/Library/Android/sdk/emulator/./lib64/qt/lib

emulator: Qt plugin path: /Users/wojciechfornal/Library/Android/sdk/emulator/./lib64/qt/plugins

emulator: setFrameAlways: kEventScreenChanged
VERBOSE: AdbInterface.cpp:129:  no root specified: 
VERBOSE: AdbInterface.cpp:159: Found: 1 adb executables
VERBOSE: AdbInterface.cpp:161: Adb: /Users/wojciechfornal/Library/Android/sdk/platform-tools/adb
VERBOSE: AdbInterface.cpp:180: Path:/Users/wojciechfornal/Library/Android/sdk/platform-tools/adb protocol version: 40
VERBOSE: AdbHostServer.cpp:49: Send [000chost:version] to adb daemon.
VERBOSE: AdbHostServer.cpp:69: ReadResponse: [OKAY]
VERBOSE: AdbHostServer.cpp:69: ReadResponse: [0004]
VERBOSE: AdbHostServer.cpp:69: ReadResponse: [0028]
VERBOSE: AdbHostServer.cpp:115:  Server version: 40
emulator: Warning: config.ini contains invalid skin.path entry: _no_skin
emulator: Probing skin directory: /Users/wojciechfornal/.android/avd/Nexus_5_API_23_x86.avd/skins/1080x1920
emulator:     ignore bad skin directory /Users/wojciechfornal/.android/avd/Nexus_5_API_23_x86.avd/skins/1080x1920
emulator: Probing skin directory: /Users/wojciechfornal/Library/Android/sdk/system-images/android-23/google_apis/skins/1080x1920
emulator:     ignore bad skin directory /Users/wojciechfornal/Library/Android/sdk/system-images/android-23/google_apis/skins/1080x1920
emulator: skin_winsys_set_window_icon
emulator: skin_winsys_get_preferred_gles_backend
emulator: skin_winsys_get_preferred_gles_apilevel
emulator: skin_winsys_get_preferred_gles_apilevel
emulator: GPU emulation enabled using 'host' mode
emulator: Initializing hardware OpenGLES emulation support
emulator: screen_recorder_init(w=1080, h=1920, isGuestMode=0)
emulator:     no VerifiedBootParams.textproto in search dir: /Users/wojciechfornal/Library/Android/sdk/system-images/android-23/google_apis/x86/
VERBOSE: load_config.cpp:238: Verified boot params were not found.
emulator: Found 2 DNS servers: 192.168.1.1 0.0.0.0
Content of hardware configuration file:
  hw.cpu.arch = x86
  hw.cpu.model = qemu32
  hw.cpu.ncore = 2
  hw.ramSize = 1536
  hw.screen = multi-touch
  hw.mainKeys = false
  hw.trackBall = false
  hw.keyboard = false
  hw.keyboard.lid = false
  hw.keyboard.charmap = qwerty2
  hw.dPad = false
  hw.rotaryInput = false
  hw.gsmModem = true
  hw.gps = true
  hw.battery = true
  hw.accelerometer = true
  hw.gyroscope = true
  hw.audioInput = true
  hw.audioOutput = true
  hw.sdCard = true
  hw.sdCard.path = /Users/wojciechfornal/.android/avd/Nexus_5_API_23_x86.avd/sdcard.img
  disk.cachePartition = true
  disk.cachePartition.path = /Users/wojciechfornal/.android/avd/Nexus_5_API_23_x86.avd/cache.img
  disk.cachePartition.size = 66m
  test.quitAfterBootTimeOut = -1
  hw.lcd.width = 1080
  hw.lcd.height = 1920
  hw.lcd.depth = 16
  hw.lcd.density = 480
  hw.lcd.backlight = true
  hw.gpu.enabled = true
  hw.gpu.mode = host
  hw.initialOrientation = Portrait
  hw.camera.back = emulated
  hw.camera.front = emulated
  vm.heapSize = 384
  hw.sensors.light = true
  hw.sensors.pressure = true
  hw.sensors.humidity = true
  hw.sensors.proximity = true
  hw.sensors.magnetic_field = true
  hw.sensors.magnetic_field_uncalibrated = true
  hw.sensors.gyroscope_uncalibrated = true
  hw.sensors.orientation = true
  hw.sensors.temperature = true
  hw.useext4 = true
  hw.arc = false
  hw.arc.autologin = false
  kernel.path = /Users/wojciechfornal/Library/Android/sdk/system-images/android-23/google_apis/x86//kernel-ranchu
  kernel.newDeviceNaming = yes
  kernel.supportsYaffs2 = no
  disk.ramdisk.path = /Users/wojciechfornal/Library/Android/sdk/system-images/android-23/google_apis/x86//ramdisk.img
  disk.systemPartition.initPath = /Users/wojciechfornal/Library/Android/sdk/system-images/android-23/google_apis/x86//system.img
  disk.systemPartition.size = 1280m
  disk.vendorPartition.size = 0
  disk.dataPartition.path = /Users/wojciechfornal/.android/avd/Nexus_5_API_23_x86.avd/userdata-qemu.img
  disk.dataPartition.size = 200m
  disk.encryptionKeyPartition.path = /Users/wojciechfornal/.android/avd/Nexus_5_API_23_x86.avd/encryptionkey.img
  PlayStore.enabled = false
  avd.name = Nexus_5_API_23_x86
  fastboot.forceColdBoot = true
.
QEMU options list:
emulator: argv[00] = "/Users/wojciechfornal/Library/Android/sdk/emulator/./qemu/darwin-x86_64/qemu-system-i386"
emulator: argv[01] = "-dns-server"
emulator: argv[02] = "192.168.1.1,0.0.0.0"
emulator: argv[03] = "-mem-path"
emulator: argv[04] = "/Users/wojciechfornal/.android/avd/Nexus_5_API_23_x86.avd/snapshots/default_boot/ram.img"
emulator: argv[05] = "-serial"
emulator: argv[06] = "stdio"
emulator: argv[07] = "-device"
emulator: argv[08] = "goldfish_pstore,addr=0xff018000,size=0x10000,file=/Users/wojciechfornal/.android/avd/Nexus_5_API_23_x86.avd/data/misc/pstore/pstore.bin"
emulator: argv[09] = "-cpu"
emulator: argv[10] = "android32"
emulator: argv[11] = "-enable-hvf"
emulator: argv[12] = "-smp"
emulator: argv[13] = "cores=2"
emulator: argv[14] = "-m"
emulator: argv[15] = "1536"
emulator: argv[16] = "-lcd-density"
emulator: argv[17] = "480"
emulator: argv[18] = "-nodefaults"
emulator: argv[19] = "-kernel"
emulator: argv[20] = "/Users/wojciechfornal/Library/Android/sdk/system-images/android-23/google_apis/x86//kernel-ranchu"
emulator: argv[21] = "-initrd"
emulator: argv[22] = "/Users/wojciechfornal/Library/Android/sdk/system-images/android-23/google_apis/x86//ramdisk.img"
emulator: argv[23] = "-drive"
emulator: argv[24] = "if=none,index=0,id=system,file=/Users/wojciechfornal/Library/Android/sdk/system-images/android-23/google_apis/x86//system.img,read-only"
emulator: argv[25] = "-device"
emulator: argv[26] = "virtio-blk-pci,drive=system,modern-pio-notify"
emulator: argv[27] = "-drive"
emulator: argv[28] = "if=none,index=1,id=cache,file=/Users/wojciechfornal/.android/avd/Nexus_5_API_23_x86.avd/cache.img.qcow2,overlap-check=none,cache=unsafe,l2-cache-size=1048576"
emulator: argv[29] = "-device"
emulator: argv[30] = "virtio-blk-pci,drive=cache,modern-pio-notify"
emulator: argv[31] = "-drive"
emulator: argv[32] = "if=none,index=2,id=userdata,file=/Users/wojciechfornal/.android/avd/Nexus_5_API_23_x86.avd/userdata-qemu.img.qcow2,overlap-check=none,cache=unsafe,l2-cache-size=1048576"
emulator: argv[33] = "-device"
emulator: argv[34] = "virtio-blk-pci,drive=userdata,modern-pio-notify"
emulator: argv[35] = "-drive"
emulator: argv[36] = "if=none,index=3,id=encrypt,file=/Users/wojciechfornal/.android/avd/Nexus_5_API_23_x86.avd/encryptionkey.img.qcow2,overlap-check=none,cache=unsafe,l2-cache-size=1048576"
emulator: argv[37] = "-device"
emulator: argv[38] = "virtio-blk-pci,drive=encrypt,modern-pio-notify"
emulator: argv[39] = "-drive"
emulator: argv[40] = "if=none,index=4,id=sdcard,file=/Users/wojciechfornal/.android/avd/Nexus_5_API_23_x86.avd/sdcard.img.qcow2,overlap-check=none,cache=unsafe,l2-cache-size=1048576"
emulator: argv[41] = "-device"
emulator: argv[42] = "virtio-blk-pci,drive=sdcard,modern-pio-notify"
emulator: argv[43] = "-netdev"
emulator: argv[44] = "user,id=mynet"
emulator: argv[45] = "-device"
emulator: argv[46] = "virtio-net-pci,netdev=mynet"
emulator: argv[47] = "-device"
emulator: argv[48] = "virtio-rng-pci"
emulator: argv[49] = "-show-cursor"
emulator: argv[50] = "-L"
emulator: argv[51] = "/Users/wojciechfornal/Library/Android/sdk/emulator/lib/pc-bios"
emulator: argv[52] = "-soundhw"
emulator: argv[53] = "hda"
emulator: argv[54] = "-vga"
emulator: argv[55] = "none"
emulator: argv[56] = "-append"
emulator: argv[57] = "qemu=1 no_timer_check androidboot.hardware=ranchu androidboot.serialno=EMULATOR28X0X23X0 clocksource=pit no-kvmclock console=ttyS0,38400 androidboot.console=ttyS0 android.qemud=1 android.checkjni=1 qemu.gles=1 qemu.encrypt=1 qemu.opengles.version=196608 qemu.uirenderer=skiagl cma=288M@0-4G ndns=2 androidboot.android_dt_dir=/sys/bus/platform/devices/ANDR0001:00/properties/android/ loop.max_part=7 ramoops.mem_address=0xff018000 ramoops.mem_size=0x10000 memmap=0x10000$0xff018000 qemu.dalvik.vm.heapsize=384m"
emulator: argv[58] = "-android-hw"
emulator: argv[59] = "/Users/wojciechfornal/.android/avd/Nexus_5_API_23_x86.avd/hardware-qemu.ini"
Concatenated QEMU options:
 /Users/wojciechfornal/Library/Android/sdk/emulator/./qemu/darwin-x86_64/qemu-system-i386 -dns-server 192.168.1.1,0.0.0.0 -mem-path /Users/wojciechfornal/.android/avd/Nexus_5_API_23_x86.avd/snapshots/default_boot/ram.img -serial stdio -device goldfish_pstore,addr=0xff018000,size=0x10000,file=/Users/wojciechfornal/.android/avd/Nexus_5_API_23_x86.avd/data/misc/pstore/pstore.bin -cpu android32 -enable-hvf -smp cores=2 -m 1536 -lcd-density 480 -nodefaults -kernel /Users/wojciechfornal/Library/Android/sdk/system-images/android-23/google_apis/x86//kernel-ranchu -initrd /Users/wojciechfornal/Library/Android/sdk/system-images/android-23/google_apis/x86//ramdisk.img -drive if=none,index=0,id=system,file=/Users/wojciechfornal/Library/Android/sdk/system-images/android-23/google_apis/x86//system.img,read-only -device virtio-blk-pci,drive=system,modern-pio-notify -drive if=none,index=1,id=cache,file=/Users/wojciechfornal/.android/avd/Nexus_5_API_23_x86.avd/cache.img.qcow2,overlap-check=none,cache=unsafe,l2-cache-size=1048576 -device virtio-blk-pci,drive=cache,modern-pio-notify -drive if=none,index=2,id=userdata,file=/Users/wojciechfornal/.android/avd/Nexus_5_API_23_x86.avd/userdata-qemu.img.qcow2,overlap-check=none,cache=unsafe,l2-cache-size=1048576 -device virtio-blk-pci,drive=userdata,modern-pio-notify -drive if=none,index=3,id=encrypt,file=/Users/wojciechfornal/.android/avd/Nexus_5_API_23_x86.avd/encryptionkey.img.qcow2,overlap-check=none,cache=unsafe,l2-cache-size=1048576 -device virtio-blk-pci,drive=encrypt,modern-pio-notify -drive if=none,index=4,id=sdcard,file=/Users/wojciechfornal/.android/avd/Nexus_5_API_23_x86.avd/sdcard.img.qcow2,overlap-check=none,cache=unsafe,l2-cache-size=1048576 -device virtio-blk-pci,drive=sdcard,modern-pio-notify -netdev user,id=mynet -device virtio-net-pci,netdev=mynet -device virtio-rng-pci -show-cursor -L /Users/wojciechfornal/Library/Android/sdk/emulator/lib/pc-bios -soundhw hda -vga none -append 'qemu=1 no_timer_check androidboot.hardware=ranchu androidboot.serialno=EMULATOR28X0X23X0 clocksource=pit no-kvmclock console=ttyS0,38400 androidboot.console=ttyS0 android.qemud=1 android.checkjni=1 qemu.gles=1 qemu.encrypt=1 qemu.opengles.version=196608 qemu.uirenderer=skiagl cma=288M@0-4G ndns=2 androidboot.android_dt_dir=/sys/bus/platform/devices/ANDR0001:00/properties/android/ loop.max_part=7 ramoops.mem_address=0xff018000 ramoops.mem_size=0x10000 memmap=0x10000$0xff018000 qemu.dalvik.vm.heapsize=384m' -android-hw /Users/wojciechfornal/.android/avd/Nexus_5_API_23_x86.avd/hardware-qemu.ini
emulator: skin_spawn_thread
emulator: Starting QT main loop

emulator: Android qemu version 28.0.23.0 (build_id 5264690) (CL:be2be19ca0131957449e8c0ded5e55070f9537b0)

emulator: Starting QEMU main loop
emulator: android_qemud_init
emulator: Registered QEMUD service boot-properties
emulator: registered 'boot-properties' qemud service
emulator: Registered QEMUD service hw-control
emulator: android_hw_control_init: hw-control qemud handler initialized
emulator: Adding boot property: 'ro.opengles.version' = '196608'
emulator: Registered QEMUD service camera
emulator: Adding boot property: 'qemu.sf.fake_camera' = 'both'
emulator: android_camera_service_init: Registered 'camera' qemud service
emulator: Adding boot property: 'dalvik.vm.heapsize' = '384m'
emulator: Adding boot property: 'qemu.hw.mainkeys' = '0'
emulator: Registered QEMUD service gsm
emulator: Registered QEMUD service gps
emulator: Adding boot property: 'qemu.sf.lcd_density' = '480'
emulator: goldfish_events.have-dpad: false
emulator: goldfish_events.have-trackball: false
emulator: goldfish_events.have-camera: true
emulator: goldfish_events.have-keyboard: false
emulator: goldfish_events.have-lidswitch: false
emulator: goldfish_events.have-tabletmode: false
emulator: goldfish_events.have-touch: false
emulator: goldfish_events.have-multitouch: true
emulator: control console listening on port 5554, ADB on port 5555
VERBOSE: AdbHostServer.cpp:49: Send [0012host:emulator:5555] to adb daemon.
Not using any http proxy
emulator: Registered QEMUD service sensors
emulator: android_hw_sensors_init: sensors qemud service initialized
emulator: Adding boot property: 'qemu.timezone' = 'Europe/Warsaw'
emulator: Registered QEMUD service fingerprintlisten
emulator: android_hw_fingerprint_init: fingerprint qemud listen service initialized

emulator: Using EmuGL sub-window for GPU display
emulator: skin_winsys_get_monitor_rect: (0,0) 1596x892
emulator: skin_surface_fill 1: 0, 0, 1080, 1920: ff808080
emulator: skin_surface_create_window  1026, 109, 402, 714
emulator: ID of backing bitmap surface is 1
emulator: skin_surface_get_scaled_rect 1: 0, 0, 1080, 1920 => 0, 0, 402, 715
emulator: skin_winsys_run_ui_update
emulator: skin_surface_fill 1: 0, 0, 1080, 1920: ff808080
emulator: skin_winsys_set_window_pos 1026, 109
emulator: skin_winsys_run_ui_update
emulator: skin_winsys_run_ui_update
emulator: skin_surface_fill 1: 0, 0, 1080, 1920: ff808080
emulator: skin_winsys_set_window_title [Android Emulator - Nexus_5_API_23_x86:5554]
INFO: AutomationEventSink.cpp:100: physical_model { type: ROTATION current_value { data: [-4.75, 0, 0] } } 
emulator: sending '$GPGGA,090920,3725.3199,N,12205.0400,W,1,6,,5.0,M,0.,M,,,*47'
emulator: sending '$GPRMC,090920,A,3725.3199,N,12205.0400,W,0.00,0.00,210319,0.0,W*47'
emulator: android_http_proxy_set add proxy 

emulator: skin_winsys_set_window_title [Android Emulator - Nexus_5_API_23_x86:5554]
emulator: No acpi ini file provided, using default

emulator:     no vendor.img in search dir: /Users/wojciechfornal/Library/Android/sdk/system-images/android-23/google_apis/x86/
emulator: (metrics::NullMetricsWriter) created
emulator: (metrics::NullMetricsReporter) created
emulator: (metrics::reportConditional) ignoring
emulator: (metrics::reportConditional) ignoring
emulator: EVENT: kEventScreenChanged

emulator: skin_winsys_run_ui_update
emulator: Error while connecting to socket '127.0.0.1:1970': 61 -> Connection refused
emulator: ASC 127.0.0.1:1970: Retrying connection. Connector FD = 25
emulator: Warning: config.ini contains invalid skin.path entry: _no_skin
emulator: Probing skin directory: /Users/wojciechfornal/.android/avd/Nexus_5_API_23_x86.avd/skins/1080x1920
emulator:     ignore bad skin directory /Users/wojciechfornal/.android/avd/Nexus_5_API_23_x86.avd/skins/1080x1920
emulator: Probing skin directory: /Users/wojciechfornal/Library/Android/sdk/system-images/android-23/google_apis/skins/1080x1920
emulator:     ignore bad skin directory /Users/wojciechfornal/Library/Android/sdk/system-images/android-23/google_apis/skins/1080x1920
emulator: EVENT: kEventWindowMoved x=0 y=0

emulator: No acpi ini file provided, using default

emulator:     no vendor.img in search dir: /Users/wojciechfornal/Library/Android/sdk/system-images/android-23/google_apis/x86/
emulator: maskWindowFrame: kEventScreenChanged
emulator: EVENT: kEventScreenChanged

emulator: skin_winsys_run_ui_update
emulator: skin_winsys_get_device_pixel_ratio
emulator: skin_winsys_get_device_pixel_ratio: result=2.000000
emulator: skin_winsys_get_window_handle
emulator: Effective win ID is 7fb6a5ba09f0
emulator: After finding parent, win ID is 7fb6a5b78300
emulator: skin_winsys_get_window_handle: result = 0x0x7fb6a5b78300
emulator: skin_winsys_is_window_fully_visible
emulator: EVENT: kEventWindowMoved x=1026 y=109

emulator: skin_winsys_is_window_fully_visible: result = true
emulator: skin_winsys_get_device_pixel_ratio
emulator: skin_winsys_get_device_pixel_ratio: result=2.000000
emulator: skin_winsys_get_window_handle
emulator: Effective win ID is 7fb6a5ba09f0
emulator: After finding parent, win ID is 7fb6a5b78300
emulator: skin_winsys_get_window_handle: result = 0x0x7fb6a5b78300
emulator: skin_winsys_get_device_pixel_ratio
emulator: skin_winsys_get_device_pixel_ratio: result=2.000000
emulator: skin_winsys_get_window_handle
emulator: Effective win ID is 7fb6a5ba09f0
emulator: After finding parent, win ID is 7fb6a5b78300
emulator: skin_winsys_get_window_handle: result = 0x0x7fb6a5b78300
emulator: skin_winsys_get_device_pixel_ratio
emulator: skin_winsys_get_device_pixel_ratio: result=2.000000
emulator: skin_winsys_get_window_handle
emulator: Effective win ID is 7fb6a5ba09f0
emulator: After finding parent, win ID is 7fb6a5b78300
emulator: skin_winsys_get_window_handle: result = 0x0x7fb6a5b78300
[    0.000000] Initializing cgroup subsys cpu
[    0.000000] Initializing cgroup subsys cpuacct
[    0.000000] Linux version 3.10.0+ (lfy@lfy0.mtv.corp.google.com) (gcc version 4.9 20140827 (prerelease) (GCC) ) #1 SMP PREEMPT Wed Feb 22 08:53:42 PST 2017
[    0.000000] e820: BIOS-provided physical RAM map:
[    0.000000] BIOS-e820: [mem 0x0000000000000000-0x000000000009fbff] usable
[    0.000000] BIOS-e820: [mem 0x000000000009fc00-0x000000000009ffff] reserved
[    0.000000] BIOS-e820: [mem 0x00000000000f0000-0x00000000000fffff] reserved
[    0.000000] BIOS-e820: [mem 0x0000000000100000-0x000000005ffdffff] usable
[    0.000000] BIOS-e820: [mem 0x000000005ffe0000-0x000000005fffffff] reserved
[    0.000000] BIOS-e820: [mem 0x00000000fffc0000-0x00000000ffffffff] reserved
[    0.000000] Notice: NX (Execute Disable) protection cannot be enabled: non-PAE kernel!
[    0.000000] e820: user-defined physical RAM map:
[    0.000000] user: [mem 0x0000000000000000-0x000000000009fbff] usable
[    0.000000] user: [mem 0x000000000009fc00-0x000000000009ffff] reserved
[    0.000000] user: [mem 0x00000000000f0000-0x00000000000fffff] reserved
[    0.000000] user: [mem 0x0000000000100000-0x000000005ffdffff] usable
[    0.000000] user: [mem 0x000000005ffe0000-0x000000005fffffff] reserved
[    0.000000] user: [mem 0x00000000ff018000-0x00000000ff027fff] reserved
[    0.000000] user: [mem 0x00000000fffc0000-0x00000000ffffffff] reserved
[    0.000000] SMBIOS 2.8 present.
[    0.000000] e820: last_pfn = 0x5ffe0 max_arch_pfn = 0x100000
[    0.000000] x86 PAT enabled: cpu 0, old 0x0, new 0x7010600070106
[    0.000000] CPU MTRRs all blank - virtualized system.
[    0.000000] found SMP MP-table at [mem 0x000f0e60-0x000f0e6f] mapped at [c00f0e60]
[    0.000000] init_memory_mapping: [mem 0x00000000-0x000fffff]
[    0.000000] init_memory_mapping: [mem 0x37000000-0x373fffff]
[    0.000000] init_memory_mapping: [mem 0x30000000-0x36ffffff]
[    0.000000] init_memory_mapping: [mem 0x00100000-0x2fffffff]
[    0.000000] init_memory_mapping: [mem 0x37400000-0x377fdfff]
[    0.000000] cma: CMA: reserved 288 MiB at 25400000
[    0.000000] RAMDISK: [mem 0x5feac000-0x5ffdffff]
[    0.000000] Allocated new RAMDISK: [mem 0x376ca000-0x377fdc71]
[    0.000000] Move RAMDISK from [mem 0x5feac000-0x5ffdfc71] to [mem 0x376ca000-0x377fdc71]
[    0.000000] ACPI: RSDP 000f0c60 00014 (v00 BOCHS )
[    0.000000] ACPI: RSDT 5ffe1a6f 00030 (v01 BOCHS  BXPCRSDT 00000001 BXPC 00000001)
[    0.000000] ACPI: FACP 5ffe1943 00074 (v01 BOCHS  BXPCFACP 00000001 BXPC 00000001)
[    0.000000] ACPI: DSDT 5ffe0040 01903 (v01 BOCHS  BXPCDSDT 00000001 BXPC 00000001)
[    0.000000] ACPI: FACS 5ffe0000 00040
[    0.000000] ACPI: APIC 5ffe19b7 00080 (v01 BOCHS  BXPCAPIC 00000001 BXPC 00000001)
[    0.000000] ACPI: HPET 5ffe1a37 00038 (v01 BOCHS  BXPCHPET 00000001 BXPC 00000001)
[    0.000000] 647MB HIGHMEM available.
[    0.000000] 887MB LOWMEM available.
[    0.000000]   mapped low ram: 0 - 377fe000
[    0.000000]   low ram: 0 - 377fe000
[    0.000000] Zone ranges:
[    0.000000]   DMA      [mem 0x00001000-0x00ffffff]
[    0.000000]   Normal   [mem 0x01000000-0x377fdfff]
[    0.000000]   HighMem  [mem 0x377fe000-0x5ffdffff]
[    0.000000] Movable zone start for each node
[    0.000000] Early memory node ranges
[    0.000000]   node   0: [mem 0x00001000-0x0009efff]
[    0.000000]   node   0: [mem 0x00100000-0x5ffdffff]
[    0.000000] Using APIC driver default
[    0.000000] ACPI: PM-Timer IO Port: 0x608
[    0.000000] ACPI: LAPIC (acpi_id[0x00] lapic_id[0x00] enabled)
[    0.000000] ACPI: LAPIC (acpi_id[0x01] lapic_id[0x01] enabled)
[    0.000000] ACPI: LAPIC_NMI (acpi_id[0xff] dfl dfl lint[0x1])
[    0.000000] ACPI: IOAPIC (id[0x00] address[0xfec00000] gsi_base[0])
[    0.000000] IOAPIC[0]: apic_id 0, version 32, address 0xfec00000, GSI 0-23
[    0.000000] ACPI: INT_SRC_OVR (bus 0 bus_irq 0 global_irq 2 dfl dfl)
[    0.000000] ACPI: INT_SRC_OVR (bus 0 bus_irq 5 global_irq 5 high level)
[    0.000000] ACPI: INT_SRC_OVR (bus 0 bus_irq 9 global_irq 9 high level)
[    0.000000] ACPI: INT_SRC_OVR (bus 0 bus_irq 10 global_irq 10 high level)
[    0.000000] ACPI: INT_SRC_OVR (bus 0 bus_irq 11 global_irq 11 high level)
[    0.000000] Using ACPI (MADT) for SMP configuration information
[    0.000000] ACPI: HPET id: 0x8086a201 base: 0xfed00000
[    0.000000] smpboot: Allowing 2 CPUs, 0 hotplug CPUs
[    0.000000] e820: [mem 0x60000000-0xff017fff] available for PCI devices
[    0.000000] setup_percpu: NR_CPUS:8 nr_cpumask_bits:8 nr_cpu_ids:2 nr_node_ids:1
[    0.000000] PERCPU: Embedded 11 pages/cpu @f76ab000 s31872 r0 d13184 u45056
[    0.000000] Built 1 zonelists in Zone order, mobility grouping on.  Total pages: 391310
[    0.000000] Kernel command line: qemu=1 no_timer_check androidboot.hardware=ranchu androidboot.serialno=EMULATOR28X0X23X0 clocksource=pit no-kvmclock console=ttyS0,38400 androidboot.console=ttyS0 android.qemud=1 emulator: Warning: config.ini contains invalid skin.path entry: _no_skin
emulator: EVENT: kEventSetScale scale=0.371296

emulator: skin_surface_fill 1: 0, 0, 1080, 1920: ff808080
emulator: skin_surface_create_window  1026, 109, 401, 713
emulator: ID of backing bitmap surface is 1
emulator: skin_surface_get_scaled_rect 1: 0, 0, 1080, 1920 => 0, 0, 401, 713
emulator: Probing skin directory: /Users/wojciechfornal/.android/avd/Nexus_5_API_23_x86.avd/skins/1080x1920emulator: 
emulator:     ignore bad skin directory /Users/wojciechfornal/.android/avd/Nexus_5_API_23_x86.avd/skins/1080x1920
emulator: Probing skin directory: /Users/wojciechfornal/Library/Android/sdk/system-images/android-23/google_apis/skins/1080x1920
skin_winsys_run_ui_update
emulator:     ignore bad skin directory /Users/wojciechfornal/Library/Android/sdk/system-images/android-23/google_apis/skins/1080x1920
emulator: skin_surface_fill 1: 0, 0, 1080, 1920: ff808080
android.checkjni=1 qemu.gles=1 qemu.encrypt=1 qemu.opeemulator: maskWindowFrame: kEventScreenChanged
ngemulator: EVENT: kEventScreenChanged

emulator: skin_winsys_run_ui_update
les.version=196608 qemu.uirenderer=skiagl cma=288M@0-4G ndns=2 androidboot.android_dt_dir=/sys/bus/platform/devices/ANDR0001:00/properties/android/ loop.max_part=7 ramoops.mem_address=0xff018000 ramoops.mem_size=0x10000 memmap=0x10000$0xff018000 qemu.dalvik.vm.heapsize=384m ndns=2 mac80211_hwsim.mac_prefix=5554
[    0.000000] PID hash table entries: 4096 (order:emulator: Warning: config.ini contains invalid skin.path entry: _no_skin
 emulator: Probing skin directory: /Users/wojciechfornal/.android/avd/Nexus_5_API_23_x86.avd/skins/1080x1920
emulator:     ignore bad skin directory /Users/wojciechfornal/.android/avd/Nexus_5_API_23_x86.avd/skins/1080x1920
emulator: Probing skin directory: /Users/wojciechfornal/Library/Android/sdk/system-images/android-23/google_apis/skins/1080x1920
2emulator:     ignore bad skin directory /Users/wojciechfornal/Library/Android/sdk/system-images/android-23/google_apis/skins/1080x1920
, 16384 bytes)
[    0.000000] Dentry cache hash table entries: 131072 (ordeemulator: maskWindowFrame: kEventScreenChanged
remulator: skin_winsys_get_device_pixel_ratio
emulator: skin_winsys_get_device_pixel_ratio: result=2.000000
emulator: skin_winsys_get_window_handle
emulator: Effective win ID is 7fb6a5ba09f0
emulator: After finding parent, win ID is 7fb6a5b78300
emulator: skin_winsys_get_window_handle: result = 0x0x7fb6a5b78300
emulator: EVENT: kEventScreenChanged

emulator: skin_winsys_run_ui_update
: 7, 524288 bytes)
[    0.000000] Inode-cache hash table entries: 65536 (order: 6, 262144 bytes)
[    0.000000] Initializing CPU#0
[    0.000000] xsavemulator: skin_winsys_get_device_pixel_ratio
eemulator: skin_winsys_get_device_pixel_ratio: result=2.000000
emulator: skin_winsys_get_window_handle
emulator: Effective win ID is 7fb6a5ba09f0
emulator: After finding parent, win ID is 7fb6a5b78300
emulator: skin_winsys_get_window_handle: result = 0x0x7fb6a5b78300
: enabled xstate_bv 0x7, cntxt size 0x340
[    0.000000] Initializing HighMem for node 0 (000377fe:0005ffe0)
[    0.000000] Memory: 1254292k/1572736k available (5145k kernel code, 318052k reserved, 2396k data, 484k init, 663432k highmem)
[    0.000000] virtual kernel memory layout:
[    0.000000]     fixmap  : 0xfff15000 - 0xfffff000   ( 936 kB)
[    0.000000]     pkmap   : 0xff800000 - 0xffc00000   (4096 kB)
[    0.000000]     vmalloc : 0xf7ffe000 - 0xff7fe000   ( 120 MB)
[    0.000000]     lowmem  : 0xc0000000 - 0xf77fe000   ( 887 MB)
[    0.000000]       .init : 0xc095e000 - 0xc09d7000   ( 484 kB)
[    0.000000]       .data : 0xc0706790 - 0xc095da00   (239emulator: skin_winsys_get_device_pixel_ratio
6emulator: skin_winsys_get_device_pixel_ratio: result=2.000000
emulator: skin_winsys_get_window_handle
emulator: Effective win ID is 7fb6a5ba09f0
 emulator: After finding parent, win ID is 7fb6a5b78300
emulator: skin_winsys_get_window_handle: result = 0x0x7fb6a5b78300
kB)
[    0.000000]       .text : 0xc0200000 - 0xc0706790   (5145 kB)
[    0.000000] Checking if this processor honours the WP bit even in supervisor mode...Ok.
[    0.000000] SLUB: HWalign=64, Order=0-3, MinObjects=0, CPUs=2, Nodes=1
[    0.000000] Preemptible hierarchical RCU implementation.
[    0.000000] 	RCU restricting CPUs from NR_CPUS=8 to nr_cpu_ids=2.
[    0.000000] NR_IRQS:2304 nr_irqs:512 16
[    0.000000] Console: colour dummy device 80x25
[    0.000000] console [ttyS0] enabled
[    0.000000] tsc: Fast TSC calibration failed
[    0.000000] tsc: PIT calibration matches HPET. 2 loops
[    0.000000] tsc: Detected 2194.925 MHz processor
[    0.040002] Calibrating delay loop (skipped), value calculated using timer frequency.. 4389.85 BogoMIPS (lpj=21949250)
[    0.042855] pid_max: default: 32768 minimum: 301
[    0.044133] Security Framework initialized
[    0.045268] SELinux:  Initializing.
[    0.046238] Mount-cache hash table entries: 512
[    0.047942] Initializing cgroup subsys debug
[    0.050011] Initializing cgroup subsys freezer
[    0.051633] CPU: Physical Processor ID: 0
[    0.052711] CPU: Processor Core ID: 0
[    0.055415] Last level iTLB entries: 4KB 0, 2MB 0, 4MB 0
[    0.055415] Last level dTLB entries: 4KB 64, 2MB 0, 4MB 0
[    0.055415] tlb_flushall_shift: 6
[    0.063526] Freeing SMP alternatives: 24k freed
[    0.064744] ACPI: Core revision 20130328
[    0.066360] ACPI: All ACPI Tables successfully acquired
[    0.068332] Enabling APIC mode:  Flat.  Using 1 I/O APICs
[    0.074850] ..TIMER: vector=0x30 apic1=0 pin1=2 apic2=-1 pin2=-1
[    0.076442] smpboot: CPU0: Intel(R) Core(TM) i7-4770HQ CPU @ 2.20GHz (fam: 06, model: 46, stepping: 01)
[    0.090000] APIC calibration not consistent with PM-Timer: 97ms instead of 100ms
[    0.090000] APIC delta adjusted to PM-Timer: 6249922 (6114187)
[    0.090000] Performance Events: unsupported p6 CPU model 70 no PMU driver, software events only.
[    0.141601] smpboot: Booting Node   0, Processors  #1 OK
[    0.050000] Initializing CPU#1
[    0.167426] Brought up 2 CPUs
[    0.168416] smpboot: Total of 2 processors activated (8779.70 BogoMIPS)
[    0.170000] x86 PAT enabled: cpu 0, old 0x0, new 0x7010600070106
[    0.170000] x86 PAT enabled: cpu 1, old 0x0, new 0x7010600070106
[    0.170798] NET: Registered protocol family 16
[    0.180258] ACPI: bus type PCI registered
[    0.181427] PCI: PCI BIOS revision 2.10 entry at 0xfd456, last bus=0
[    0.181903] PCI: Using configuration type 1 for base access
emulator: Warning: config.ini contains invalid skin.path entry: _no_skin
emulator: Probing skin directory: /Users/wojciechfornal/.android/avd/Nexus_5_API_23_x86.avd/skins/1080x1920
emulator:     ignore bad skin directory /Users/wojciechfornal/.android/avd/Nexus_5_API_23_x86.avd/skins/1080x1920
emulator: Probing skin directory: /Users/wojciechfornal/Library/Android/sdk/system-images/android-23/google_apis/skins/1080x1920
emulator: EVENT: kEventSetScale scale=0.371296

emulator: skin_surface_fill 1: 0, 0, 1080, 1920: ff808080
emulator:     ignore bad skin directory /Users/wojciechfornal/Library/Android/sdk/system-images/android-23/google_apis/skins/1080x1920
emulator: sending '$GPGGA,090921,3725.3199,N,12205.0400,W,1,6,,5.0,M,0.,M,,,*47'
emulator: skin_surface_create_window  1026, 109, 401, 713
emulator: sending '$GPRMC,090921,A,3725.3199,N,12205.0400,W,0.00,0.00,210319,0.0,W*47'
emulator: ID of backing bitmap surface is 1
emulator: skin_surface_get_scaled_rect 1: 0, 0, 1080, 1920 => 0, 0, 401, 713
emulator: skin_surface_fill 1: 0, 0, 1080, 1920: ff808080
emulator: maskWindowFrame: kEventScreenChanged
emulator: EVENT: kEventScreenChanged

emulator: skin_winsys_run_ui_update
emulator: Warning: config.ini contains invalid skin.path entry: _no_skin
emulator: Probing skin directory: /Users/wojciechfornal/.android/avd/Nexus_5_API_23_x86.avd/skins/1080x1920
emulator:     ignore bad skin directory /Users/wojciechfornal/.android/avd/Nexus_5_API_23_x86.avd/skins/1080x1920
emulator: Probing skin directory: /Users/wojciechfornal/Library/Android/sdk/system-images/android-23/google_apis/skins/1080x1920
emulator:     ignore bad skin directory /Users/wojciechfornal/Library/Android/sdk/system-images/android-23/google_apis/skins/1080x1920
emulator: maskWindowFrame: kEventScreenChanged
emulator: EVENT: kEventScreenChanged

emulator: skin_winsys_run_ui_update
emulator: MemoryReport: uptime: 1540, Res/ResMax/Virt/VirtMax: 149417984 149417984 6427230208 0
emulator: skin_winsys_get_device_pixel_ratio
emulator: skin_winsys_get_device_pixel_ratio: result=2.000000
emulator: skin_winsys_get_window_handle
emulator: Effective win ID is 7fb6a5ba09f0
emulator: After finding parent, win ID is 7fb6a5b78300
emulator: skin_winsys_get_window_handle: result = 0x0x7fb6a5b78300
emulator: skin_winsys_get_device_pixel_ratio
emulator: skin_winsys_get_device_pixel_ratio: result=2.000000
emulator: skin_winsys_get_window_handle
emulator: Effective win ID is 7fb6a5ba09f0
emulator: After finding parent, win ID is 7fb6a5b78300
emulator: skin_winsys_get_window_handle: result = 0x0x7fb6a5b78300
[    0.270125] bio: create slab <bio-0> at 0
[    0.271464] ACPI: Added _OSI(Module Device)
[    0.271464] ACPI: Added _OSI(Processor Device)
[    0.280116] ACPI: Added _OSI(3.0 _SCP Extensions)
[    0.281604] ACPI: Added _OSI(Processor Aggregator Device)
[    0.284800] ACPI: Interpreter enabled
[    0.285838] ACPI Exception: AE_NOT_FOUND, While evaluating Sleep State [\_S1_] (20130328/hwxface-568)
[    0.288396] ACPI Exception: AE_NOT_FOUND, While evaluating Sleep State [\_S2_] (20130328/hwxface-568)
[    0.290627] ACPI: (supports S0 S3 S5)
[    0.291640] ACPI: Using IOAPIC for interrupt routing
[    0.293275] PCI: Using host bridge windows from ACPI; if necessary, use "pci=nocrs" and report a bug
[    0.320085] ACPI: PCI Root Bridge [PCI0] (domain 0000 [bus 00-ff])
[    0.321807] acpi PNP0A03:00: host bridge window [0x100000000-0x17fffffff] (ignored, not CPU addressable)
[    0.324472] acpi PNP0A03:00: fail to add MMCONFIG information, can't access extended PCI configuration space under this bridge.
[    0.327809] PCI host bridge to bus 0000:00
[    0.327809] pci_bus 0000:00: root bus resource [bus 00-ff]
[    0.330056] pci_bus 0000:00: root bus resource [io  0x0000-0x0cf7]
[    0.331746] pci_bus 0000:00: root bus resource [io  0x0d00-0xffff]
[    0.333432] pci_bus 0000:00: root bus resource [mem 0x000a0000-0x000bffff]
[    0.335330] pci_bus 0000:00: root bus resource [mem 0x60000000-0xfebfffff]
[    0.343034] pci 0000:00:01.3: quirk: [io  0x0600-0x063f] claimed by PIIX4 ACPI
[    0.343034] pci 0000:00:01.3: quirk: [io  0x0700-0x070f] claimed by PIIX4 SMB
[    0.421153] acpi PNP0A03:00: Unable to request _OSC control (_OSC support mask: 0x08)
[    0.422737] ACPI: PCI Interrupt Link [LNKA] (IRQs 5 *10 11)
[    0.424547] ACPI: PCI Interrupt Link [LNKB] (IRQs 5 *10 11)
[    0.426344] ACPI: PCI Interrupt Link [LNKC] (IRQs 5 10 *11)
[    0.430603] ACPI: PCI Interrupt Link [LNKD] (IRQs 5 10 *11)
[    0.432704] ACPI: PCI Interrupt Link [LNKS] (IRQs *9)
[    0.434302] ACPI: Enabled 2 GPEs in block 00 to 0F
[    0.440075] vgaarb: loaded
[    0.440890] SCSI subsystem initialized
[    0.441101] ACPI: bus type ATA registered
[    0.442328] ACPI: bus type USB registered
[    0.450098] usbcore: registered new interface driver usbfs
[    0.451526] usbcore: registered new interface driver hub
[    0.451526] usbcore: registered new device driver usb
[    0.451592] pps_core: LinuxPPS API ver. 1 registered
[    0.451592] pps_core: Software ver. 5.3.6 - Copyright 2005-2007 Rodolfo Giometti <giometti@linux.it>
[    0.460078] PTP clock support registered
[    0.461207] Advanced Linux Sound Architecture Driver Initialized.
[    0.461634] PCI: Using ACPI for IRQ routing
[    0.470170] NetLabel: Initializing
[    0.471089] NetLabel:  domain hash size = 128
[    0.472250] NetLabel:  protocols = UNLABELED CIPSOv4
[    0.473577] NetLabel:  unlabeled traffic allowed by default
[    0.475334] Switching to clocksource hpet
[    0.476502] cfg80211: Calling CRDA to update world regulatory domain
[    0.479732] pnp: PnP ACPI init
[    0.480933] ACPI: bus type PNP registered
[    0.486768] pnp: PnP ACPI: found 9 devices
[    0.487893] ACPI: bus type PNP unregistered
[    0.562055] NET: Registered protocol family 2
[    0.563859] TCP established hash table entries: 8192 (order: 4, 65536 bytes)
[    0.565807] TCP bind hash table entries: 8192 (order: 4, 65536 bytes)
[    0.567698] TCP: Hash tables configured (established 8192 bind 8192)
[    0.569449] TCP: reno registered
[    0.570339] UDP hash table entries: 512 (order: 2, 16384 bytes)
[    0.572489] UDP-Lite hash table entries: 512 (order: 2, 16384 bytes)
[    0.574311] NET: Registered protocol family 1
[    0.575480] pci 0000:00:00.0: Limiting direct PCI/PCI transfers
[    0.577061] pci 0000:00:01.0: PIIX3: Enabling Passive Release
[    0.578738] pci 0000:00:01.0: Activating ISA DMA hang workarounds
[    0.580613] Trying to unpack rootfs image as initramfs...
[    0.613124] Freeing initrd memory: 1232k freed
[    0.622748] audit: initializing netlink socket (disabled)
[    0.624201] type=2000 audit(1553159360.620:1): initialized
[    0.628433] bounce pool size: 64 pages
[    0.629463] HugeTLB registered 4 MB page size, pre-allocated 0 pages
[    0.664081] VFS: Disk quotas dquot_6.5.2
[    0.665709] Dquot-cache hash table entries: 1024 (order 0, 4096 bytes)
[    0.673656] fuse init (API version 7.22)
[    0.676281] msgmni has been set to 1732
[    0.686188] Block layer SCSI generic (bsg) driver version 0.4 loaded (major 251)
[    0.688146] io scheduler noop registered
[    0.689227] io scheduler deadline registered
[    0.691114] io scheduler cfq registered (default)
[    0.693361] pci_hotplug: PCI Hot Plug PCI Core version: 0.5
[    0.729333] input: Power Button as /devices/LNXSYSTM:00/LNXPWRBN:00/input/input0
[    0.733832] ACPI: Power Button [PWRF]
[    0.763500] ACPI: PCI Interrupt Link [LNKC] enabled at IRQ 11
[    0.788713] ACPI: PCI Interrupt Link [LNKD] enabled at IRQ 10
[    0.814891] ACPI: PCI Interrupt Link [LNKA] enabled at IRQ 10
[    0.840477] ACPI: PCI Interrupt Link [LNKB] enabled at IRQ 11
[    0.915440] Serial: 8250/16550 driver, 4 ports, IRQ sharing disabled
[    0.941508] 00:04: ttyS0 at I/O 0x3f8 (irq = 4) is a 16550A
[    0.950735] Non-volatile memory driver v1.3
[    0.952134] Linux agpgart interface v0.103
[    0.955481] [drm] Initialized drm 1.1.0 20060810
[    0.974442] brd: module loaded
[    0.985095] loop: module loaded
[    0.988594]  vda: unknown partition table
[    0.992213]  vdb: unknown partition table
[    0.995702]  vdc: unknown partition table
[    0.999008]  vdd: unknown partition table
[    1.002181]  vde:
[    1.004421] Loading iSCSI transport class v2.0-870.
[    1.017406] scsi0 : ata_piix
[    1.019534] scsi1 : ata_piix
[    1.022020] ata1: PATA max MWDMA2 cmd 0x1f0 ctl 0x3f6 bmdma 0xc180 irq 14
[    1.023961] ata2: PATA max MWDMA2 cmd 0x170 ctl 0x376 bmdma 0xc188 irq 15
[    1.026734] tun: Universal TUN/TAP device driver, 1.6
[    1.028272] tun: (C) 1999-2004 Max Krasnyansky <maxk@qualcomm.com>
[    1.034958] e100: Intel(R) PRO/100 Network Driver, 3.5.24-k2-NAPI
[    1.036654] e100: Copyright(c) 1999-2006 Intel Corporation
[    1.038845] e1000: Intel(R) PRO/1000 Network Driver - version 7.3.21-k8-NAPI
[    1.041338] e1000: Copyright (c) 1999-2006 Intel Corporation.
[    1.044091] e1000e: Intel(R) PRO/1000 Network Driver - 2.3.2-k
[    1.045689] e1000e: Copyright(c) 1999 - 2013 Intel Corporation.
[    1.047793] sky2: driver version 1.30
[    1.051141] PPP generic driver version 2.4.2
[    1.053260] PPP BSD Compression module registered
[    1.054689] PPP Deflate Compression module registered
[    1.056148] PPP MPPE Compression module registered
[    1.057691] NET: Registered protocol family 24
[    1.060580] ehci_hcd: USB 2.0 'Enhanced' Host Controller (EHCI) Driver
[    1.062464] ehci-pci: EHCI PCI platform driver
[    1.064205] ohci_hcd: USB 1.1 'Open' Host Controller (OHCI) Driver
[    1.066663] uhci_hcd: USB Universal Host Controller Interface driver
[    1.069424] usbcore: registered new interface driver usblp
[    1.071908] usbcore: registered new interface driver usb-storage
[    1.074251] mousedev: PS/2 mouse device common for all mice
[    1.078327] input: qwerty2 as /devices/platform/GFSH0002:00/input/input1
[    1.081496] rtc_cmos 00:00: RTC can wake from S4
[    1.083646] rtc_cmos 00:00: rtc core: registered rtc_cmos as rtc0
[    1.085632] rtc_cmos 00:00: alarms up to one day, y3k, 114 bytes nvram, hpet irqs
[    1.088615] goldfish_rtc GFSH0007:00: rtc core: registered GFSH0007:00 as rtc1
[    1.094678] device-mapper: uevent: version 1.0.3
[    1.096883] device-mapper: ioctl: 4.24.0-ioctl (2013-01-15) initialised: dm-devel@redhat.com
[    1.099610] cpuidle: using governor ladder
[    1.101231] cpuidle: using governor menu
[    1.103944] hidraw: raw HID events driver (C) Jiri Kosina
[    1.114929] usbcore: registered new interface driver usbhid
[    1.116469] usbhid: USB HID core driver
[    1.118002] ashmem: initialized
[    1.121933] goldfish_sync: Initialized goldfish sync device
[    1.173114] u32 classifier
[    1.173885]     Actions configured
[    1.174825] Netfilter messages via NETLINK v0.30.
[    1.176124] nf_conntrack version 0.5.0 (16384 buckets, 65536 max)
[    1.178886] ctnetlink v0.93: registering with nfnetlink.
[    1.180350] NF_TPROXY: Transparent proxy support initialized, version 4.1.0
[    1.182926] NF_TPROXY: Copyright (c) 2006-2007 BalaBit IT Ltd.
[    1.186012] xt_time: kernel timezone is -0000
[    1.187294] ip_tables: (C) 2000-2006 Netfilter Core Team
[    1.189253] arp_tables: (C) 2002 David S. Miller
[    1.190564] TCP: cubic registered
[    1.192094] Initializing XFRM netlink socket
[    1.196428] NET: Registered protocol family 10
[    1.197838] mip6: Mobile IPv6
[    1.198672] ip6_tables: (C) 2000-2006 Netfilter Core Team
[    1.200350] sit: IPv6 over IPv4 tunneling driver
[    1.203561] NET: Registered protocol family 17
[    1.204794] NET: Registered protocol family 15
[    1.206515] Using IPI No-Shortcut mode
[    1.209282] registered taskstats version 1
[    1.212948] console [netcon0] enabled
[    1.213967] netconsole: network logging started
[    1.216339] init: failed to probe driver -19
[    1.218799] ALSA device list:
[    1.219703]   #0: HDA Intel at 0xfebc0000 irq 11
[    1.222074] Freeing unused kernel memory: 484k freed
[    1.223716] Write protecting the kernel text: 5148k
[    1.225382] Write protecting the kernel read-only data: 1952k
[    1.227763] init: init started!
emulator: sending '$GPGGA,090922,3725.3199,N,12205.0400,W,1,6,,5.0,M,0.,M,,,*47'
emulator: sending '$GPRMC,090922,A,3725.3199,N,12205.0400,W,0.00,0.00,210319,0.0,W*47'
emulator: MemoryReport: uptime: 2541, Res/ResMax/Virt/VirtMax: 169988096 169988096 6439849984 0
[    1.276005] type=1403 audit(1553159361.270:2): policy loaded auid=4294967295 ses=4294967295
[    1.279467] type=1404 audit(1553159361.270:3): enforcing=1 old_enforcing=0 auid=4294967295 ses=4294967295
[    1.321965] init: (Initializing SELinux enforcing took 0.09s.)
[    1.327226] init: init second stage started!
[    1.329151] init: property_set("ro.kernel.ndns", "2") failed
[    1.337455] init: waitpid failed: No child processes
[    1.338898] init: (Loading properties from /default.prop took 0.00s.)
[    1.341306] init: (Parsing /init.environ.rc took 0.00s.)
[    1.342832] init: (Parsing /init.usb.rc took 0.00s.)
[    1.344287] init: (Parsing /init.ranchu-common.rc took 0.00s.)
[    1.346079] init: (Parsing /init.ranchu-encrypt.rc took 0.00s.)
[    1.347753] init: (Parsing /init.zygote32.rc took 0.00s.)
[    1.349286] init: (Parsing /init.trace.rc took 0.00s.)
[    1.350716] init: (Parsing /init.rc took 0.01s.)
[    1.350875] init: SELinux: Could not get canonical path /adb_keys restorecon: No such file or directory.
[    1.355201] init: Starting service 'ueventd'...
[    1.356904] init: Waiting for /dev/.coldboot_done...
[    1.357766] ueventd: ueventd started!
[    1.532453] ueventd: Coldboot took 0.17s.
[    1.542698] init: Waiting for /dev/.coldboot_done took 0.19s.
[    1.545691] init: /dev/hw_random not found
[    1.547508] init: could not open /dev/keychord: No such file or directory
[    1.550145] type=1400 audit(1553159361.540:4): avc:  denied  { write } for  pid=1 comm="init" name="ttyS0" dev="tmpfs" ino=3991 scontext=u:r:init:s0 tcontext=u:object_r:serial_device:s0 tclass=chr_file permissive=0
[    1.558784] init: write_file: Unable to open '/proc/sys/kernel/hung_task_timeout_secs': No such file or directory
[    1.561595] init: write_file: Unable to open '/proc/cpu/alignment': No such file or directory
[    1.564495] init: write_file: Unable to open '/proc/sys/kernel/sched_compat_yield': No such file or directory
[    1.567952] init: write_file: Unable to write to '/dev/cpuctl/cpu.shares': Invalid argument
[    1.571069] init: write_file: Unable to open '/proc/sys/abi/swp': No such file or directory
[    1.574037] init: /dev/hw_random not found
[    1.580123] EXT4-fs (vda): mounted filesystem with ordered data mode. Opts: (null)
[    1.583926] fs_mgr: __mount(source=/dev/block/vda,target=/system,type=ext4)=0
[    1.587596] EXT4-fs (vdb): Ignoring removed nomblk_io_submit option
emulator: EVENT: kEventSetScale scale=0.371296
emulator: Warning: config.ini contains invalid skin.path entry: _no_skin
emulator: Probing skin directory: /Users/wojciechfornal/.android/avd/Nexus_5_API_23_x86.avd/skins/1080x1920

emulator: skin_surface_fill 1: 0, 0, 1080, 1920: ff808080
emulator:     ignore bad skin directory /Users/wojciechfornal/.android/avd/Nexus_5_API_23_x86.avd/skins/1080x1920
emulator: Probing skin directory: /Users/wojciechfornal/Library/Android/sdk/system-images/android-23/google_apis/skins/1080x1920
emulator: skin_surface_create_window  1026, 109, 401, 713
emulator:     ignore bad skin directory /Users/wojciechfornal/Library/Android/sdk/system-images/android-23/google_apis/skins/1080x1920
emulator: ID of backing bitmap surface is 1
emulator: skin_surface_get_scaled_rect 1: 0, 0, 1080, 1920 => 0, 0, 401, 713
emulator: skin_surface_fill 1: 0, 0, 1080, 1920: ff808080
emulator: maskWindowFrame: kEventWindowChanged
emulator: EVENT: kEventWindowChanged

emulator: skin_winsys_run_ui_update
[    1.594900] EXT4-fs (vdb): mounted filesysteemulator: Warning: config.ini contains invalid skin.path entry: _no_skin
emulator: Probing skin directory: /Users/wojciechfornal/.android/avd/Nexus_5_API_23_x86.avd/skins/1080x1920
memulator:     ignore bad skin directory /Users/wojciechfornal/.android/avd/Nexus_5_API_23_x86.avd/skins/1080x1920
 emulator: Probing skin directory: /Users/wojciechfornal/Library/Android/sdk/system-images/android-23/google_apis/skins/1080x1920
emulator:     ignore bad skin directory /Users/wojciechfornal/Library/Android/sdk/system-images/android-23/google_apis/skins/1080x1920
with ordered data emulator: maskWindowFrame: kEventWindowChanged
memulator: EVENT: kEventWindowChanged

emulator: skin_winsys_run_ui_update
ode. Opts: nomblk_io_submit,errors=panemulator: skin_winsys_get_device_pixel_ratio
emulator: skin_winsys_get_device_pixel_ratio: result=2.000000
emulator: skin_winsys_get_window_handle
emulator: Effective win ID is 7fb6a5ba09f0
iemulator: After finding parent, win ID is 7fb6a5b78300
emulator: skin_winsys_get_window_handle: result = 0x0x7fb6a5b78300
c
[    1.597997] fs_mgr: __mount(source=/dev/block/vdb,target=/cache,type=ext4)=0
[    1.600800] EXT4-fs (vdc): VFS: Can't find ext4 filesystem
[    1.602500] fs_mgr: check_fs(): mount(/dev/block/vdc,/data,ext4)=-1: Invalid argument
[    1.605966] fs_mgr: Running /system/bin/e2fsck on /dev/block/vdc
emulator: skin_winsys_get_device_pixel_ratio
emulator: skin_winsys_get_device_pixel_ratio: result=2.000000
emulator: skin_winsys_get_window_handle
emulator: Effective win ID is 7fb6a5ba09f0
emulator: After finding parent, win ID is 7fb6a5b78300
emulator: skin_winsys_get_window_handle: result = 0x0x7fb6a5b78300
[    1.611869] tsc: Refined TSC clocksource calibration: 2195.001 MHz
[    1.613722] Switching to clocksource tsc
[    1.659724] e2fsck: e2fsck 1.42.9 (28-Dec-2013)
[    1.659724] 
[    1.661663] e2fsck: ext2fs_open2: Bad magic number in super-block
[    1.661663] 
[    1.663824] e2fsck: /system/bin/e2fsck: Superblock invalid, trying backup blocks...
[    1.663824] 
[    1.666378] e2fsck: /system/bin/e2fsck: Bad magic number in super-block while trying to open /dev/block/vdc
[    1.666378] 
[    1.669447] e2fsck: 
[    1.669447] 
[    1.670598] e2fsck: 
[    1.670598] 
[    1.671954] e2fsck: The superblock could not be read or does not describe a correct ext2
[    1.671954] 
[    1.674582] e2fsck: filesystem.  If the device is valid and it really contains an ext2
[    1.674582] 
[    1.677138] e2fsck: filesystem (and not swap or ufs or something else), then the superblock
[    1.677138] 
[    1.679833] e2fsck: is corrupt, and you might try running e2fsck with an alternate superblock:
[    1.679833] 
[    1.682935] e2fsck:     e2fsck -b 8193 <device>
[    1.682935] 
[    1.684575] e2fsck: 
[    1.684575] 
[    1.685562] e2fsck: e2fsck terminated by exit(8)
[    1.685562] 
[    1.687613] EXT4-fs (vdc): VFS: Can't find ext4 filesystem
[    1.689184] fs_mgr: __mount(source=/dev/block/vdc,target=/data,type=ext4)=-1
[    1.691411] fs_mgr: fs_mgr_mount_all(): possibly an encryptable blkdev /dev/block/vdc for mount /data type ext4 )
[    1.694839] init: Starting service 'logd'...
[    1.697961] init: Starting service 'vold'...
[    1.699617] init: Not bootcharting.
[    1.705908] init: Starting service 'exec 0 (/system/bin/tzdatacheck)'...
[    1.720457] init: Service 'exec 0 (/system/bin/tzdatacheck)' (pid 1223) exited with status 0
[    1.735914] logd.auditd: start
[    1.737082] logd.klogd: 1737076640
[    1.752379] init: (Loading properties from /system/build.prop took 0.03s.)
[    1.754487] init: (Loading properties from /vendor/build.prop took 0.00s.)
[    1.756599] init: (Loading properties from /factory/factory.prop took 0.00s.)
[    1.758700] init: (Loading properties from /data/local.prop took 0.00s.)
[    1.760572] init: /recovery not specified in fstab
[    1.761946] init: Starting service 'logd-reinit'...
[    1.765135] init: Starting service 'healthd'...
[    1.767294] init: Starting service 'lmkd'...
[    1.769203] init: Starting service 'servicemanager'...
[    1.770962] init: Starting service 'surfaceflinger'...
[    1.772409] logd.daemon: reinit
[    1.774533] init: Starting service 'qemu-props'...
[    1.776689] init: Service 'logd-reinit' (pid 1232) exited with status 0
[    1.777534] healthd: BatteryVoltagePath not found
[    1.777536] healthd: BatteryTemperaturePath not found
[    1.782501] init: property_set("ro.build.product", "generic") failed
[    1.784612] init: property_set("ro.product.device", "generic") failed
[    1.786717] init: Starting service 'goldfish-setup'...
[    1.788598] init: service 'console' requires console
[    1.790119] init: Starting service 'defaultcrypto'...
[    1.791779] init: write_file: Unable to open '/sys/class/android_usb/android0/enable': No such file or directory
[    1.795442] init: write_file: Unable to open '/sys/class/android_usb/android0/idVendor': No such file or directory
[    1.798582] init: write_file: Unable to open '/sys/class/android_usb/android0/idProduct': No such file or directory
[    1.801919] init: write_file: Unable to open '/sys/class/android_usb/android0/functions': No such file or directory
[    1.805493] init: wemulator: qemud_service_connect_client: registered client channel -1 for 'boot-properties' service
rite_emulator: _qemudPipe_sendBuffers: 0004
emulator: _qemudPipe_sendBuffers: list
emulator: _qemud_pipe_send: len= 26 'ro.opengles.version=196608'
emulator: _qemud_pipe_send: len= 24 'qemu.sf.fake_camera=both'
emulator: _qemud_pipe_send: len= 23 'dalvik.vm.heapsize=384m'
emulator: _qemud_pipe_send: len= 18 'qemu.hw.mainkeys=0'
emulator: _qemud_pipe_send: len= 23 'qemu.sf.lcd_density=480'
emulator: _qemud_pipe_send: len= 27 'qemu.timezone=Europe/Warsaw'
emulator: _qemud_pipe_send: len=  1 '\x00'
filemulator: _qemudPipe_recvBuffers: -> 4 (of 4)
emulator: _qemudPipe_recvBuffers: -> 26 (of 20)
e: Unable to open '/sys/class/android_usb/android0/enable': No such file or directory
[emulator: _qemudPipe_recvBuffers: -> 4 (of 4)
emulator: _qemudPipe_recvBuffers: -> 24 (of 20)
    1.809967] init: Starting service 'adbd'...
[    1.812435] type=1400 audit(1553159361.804:5): avc: granted { read write } for pid=1269 comm="vold" name="vdd" dev="tmpfs" ino=4008 scontext=u:r:vold:s0 tcontext=u:object_r:block_device:s0 tclass=blk_file
[    1.818521] type=1400 audit(1553159361.804:6): avc: granted { read write open } for pid=1emulator: _qemudPipe_recvBuffers: -> 4 (of 4)
2emulator: _qemudPipe_recvBuffers: -> 23 (of 20)
69 coemulator: _qemudPipe_recvBuffers: -> 4 (of 4)
emulator: _qemudPipe_recvBuffers: -> 18 (of 18)
mmemulator: _qemudPipe_recvBuffers: -> 4 (of 4)
="vemulator: _qemudPipe_recvBuffers: -> 23 (of 20)
old" path="/dev/block/vemulator: _qemudPipe_recvBuffers: -> 4 (of 4)
emulator: _qemudPipe_recvBuffers: -> 27 (of 20)
ddemulator: _qemudPipe_recvBuffers: -> 4 (of 4)
emulator: _qemudPipe_recvBuffers: -> 1 (of 1)
emulator: _qemudPipe_closeFromGuest
" dev="tmpfs" ino=4008 scontext=u:r:vold:s0 tcontext=u:object_r:block_device:s0 tclass=blk_file
[    1.824435] init: Service 'qemu-props' (pid 1237) exited with status 0
[    1.830190] type=1400 audit(1553159361.804:7)VERBOSE: AdbHostServer.cpp:49: Send [0012host:emulator:5555] to adb daemon.
: avc: granted { getattr } for pid=1269 comm="vold" path="/dev/block/vdd" dev="tmpfs" ino=4008 scontext=u:r:vold:s0 tcontext=u:object_r:block_device:s0 tclass=blk_file
[    1.837278] type=1400 audit(1553159361.804:8): avc: granted { read write } for pid=1269 comm="vold" name="vdd" dev="tmpfs" ino=4008 scontext=u:r:vold:s0 tcontext=u:object_r:block_device:s0 tclass=blk_file
[    1emulator: onGuestSendCommand: [0x7fb6a37bf640] Adb connected, start proxing data
.84VERBOSE: AdbHostServer.cpp:49: Send [0012host:emulator:5555] to adb daemon.
4035] type=1400 audit(1553159361.804:9): avc: granted { read write open } for pid=1269 comm="vold" path="/dev/block/vdd" dev="tmpfs" ino=4008 scontext=u:r:vold:s0 tcontext=u:object_r:block_device:s0 tclass=blk_file
[    1.851775] type=1400 audit(1553159361.804:10): avc: granted { getattr } for pid=1269 comm="vold" path="/dev/block/vdd" dev="tmpfs" ino=4008 scontext=u:r:vold:s0 tcontext=u:object_r:block_device:s0 tclass=blk_file
control_global_accept: just in (fd=42)
control_global_accept: creating new client
control_global_accept: auth required 0x7fb6a891ec00
control_global_accept: just in (fd=42)
problem in accept: 35: Resource temporarily unavailable
in control_client read: received auth ZHWHSEEU38yy/cZD

in control_client read: size < 0, exiting with 35: Resource temporarily unavailable
in control_client read: received help

in control_client read: size < 0, exiting with 35: Resource temporarily unavailable
[    1.879854] init: Service 'goldfish-setup' (pid 12in control_client read: received avd name

in control_client read: size < 0, exiting with 35: Resource temporarily unavailable
70) exited with status 0
in control_client read: end of connection detected !!
destroying control client 0x7fb6a891ec00
[    1.942345] init: Starting service 'bootanim'...
[    2.088846] type=1400 audit(1553159362.074:11): avc: denied { write } for pid=1299 comm="BootAnimation" name="property_service" dev="tmpfs" ino=1079 scontext=u:r:bootanim:s0 tcontext=u:object_r:property_socket:s0 tclass=sock_file permissive=0
[    2.123242] bio: create slab <bio-1> at 1
emulator: sending '$GPGGA,090923,3725.3199,N,12205.0400,W,1,6,,5.0,M,0.,M,,,*47'
emulator: sending '$GPRMC,090923,A,3725.3199,N,12205.0400,W,0.00,0.00,210319,0.0,W*47'
emulator: Error while connecting to socket '127.0.0.1:1970': 61 -> Connection refused
emulator: ASC 127.0.0.1:1970: Retrying connection. Connector FD = 25
emulator: MemoryReport: uptime: 3541, Res/ResMax/Virt/VirtMax: 239816704 239816704 6614708224 0
[    2.270539] EXT4-fs (dm-0): Ignoring removed nomblk_io_submit option
[    2.286106] EXT4-fs (dm-0): 3 orphan inodes deleted
[    2.288147] EXT4-fs (dm-0): recovery complete
[    2.293993] EXT4-fs (dm-0): mounted filesystem with ordered data mode. Opts: nomblk_io_submit,errors=remount-ro
[    2.297037] fs_mgr: check_fs(): mount(/dev/block/dm-0,/data,ext4)=0: Success
[    2.300223] fs_mgr: check_fs(): unmount(/data) succeeded
[    2.302425] fs_mgr: Running /system/bin/e2fsck on /dev/block/dm-0
[    2.310841] e2fsck: e2fsck 1.42.9 (28-Dec-2013)
[    2.310841] 
[    2.312502] e2fsck: /dev/block/dm-0: clean, 1306/12800 files, 41279/51200 blocks
[    2.312502] 
[    2.315436] EXT4-fs (dm-0): Ignoring removed nomblk_io_submit option
[    2.321867] EXT4-fs (dm-0): mounted filesystem with ordered data mode. Opts: nomblk_io_submit,errors=panic
[    2.324968] fs_mgr: __mount(source=/dev/block/dm-0,target=/data,type=ext4)=0
[    2.328223] init: (Loading properties from /data/local.prop took 0.00s.)
[    2.385982] init: Starting service 'logd-reinit'...
[    2.389008] init: Not bootcharting.
[    2.393199] logd.daemon: reinit
[    2.394840] init: Service 'logd-reinit' (pid 1316) exited with status 0
[    2.399497] init: Starting service 'exec 1 (/system/bin/tzdatacheck)'...
[    2.403689] init: Service 'exec 1 (/system/bin/tzdatacheck)' (pid 1317) exited with status 0
[    2.440438] init: Starting service 'netd'...
[    2.444117] init: Starting service 'debuggerd'...
[    2.446844] init: cannot find '/system/bin/debuggerd64', disabling 'debuggerd64'
[    2.450637] init: Starting service 'ril-daemon'...
[    2.452909] init: Starting service 'drm'...
[    2.454485] init: Starting service 'media'...
[    2.456199] init: Starting service 'installd'...
[    2.457917] init: cannot find '/system/bin/install-recovery.sh', disabling 'flash_recovery'
[    2.462269] init: Starting service 'keystore'...
[    2.464648] init: Starting service 'zygote'...
[    2.466780] init: Starting service 'gatekeeperd'...
emulator: _camera_service_connect: Connecting camera client 'Factory'
emulator: qemud_service_connect_client: registered client channel -1 for 'camera' service
emulator: _qemudPipe_sendBuffers: list\x00
emulator: _factory_client_recv Camera factory query 'list'
emulator: _qemud_pipe_send: len=  8 '00000005'
emulator: _qemud_pipe_send: len=  3 'ok:'
emulator: _qemud_pipe_send: len=  2 '\n\x00'
emulator: _qemudPipe_recvBuffers: -> 8 (of 8)
emulator: _qemudPipe_recvBuffers: -> 5 (of 5)
[    2.701510] init: Starting service 'perfprofd'...
[    2.703010] init: Starting service 'fingerprintd'...
[    3.231042] type=1400 audit(1553159363.224:12): avc: denied { sys_module } for pid=1318 comm="netd" capability=16 scontext=u:r:netd:s0 tcontext=u:r:netd:s0 tclass=capability permissive=0
emulator: sending '$GPGGA,090924,3725.3199,N,12205.0400,W,1,6,,5.0,M,0.,M,,,*47'
emulator: sending '$GPRMC,090924,A,3725.3199,N,12205.0400,W,0.00,0.00,210319,0.0,W*47'
emulator: MemoryReport: uptime: 4541, Res/ResMax/Virt/VirtMax: 292864000 292864000 6619197440 0
[    3.441251] init: Service 'defaultcrypto' (pid 1271) exited with status 0
emulator: qemud_service_connect_client: registered client channel -1 for 'gsm' service
emulator: _qemudPipe_closeFromGuest
emulator: qemud_service_connect_client: registered client channel -1 for 'gsm' service
emulator: _qemudPipe_wakeOn: -> 2
emulator: _qemudPipe_sendBuffers: ATE0Q0V1
emulator: _qemudPipe_sendBuffers: \r
emulator: _qemud_pipe_send: len=  2 'OK'
emulator: _qemud_pipe_send: len=  1 '\r'
emulator: _qemudPipe_recvBuffers: -> 3 (of 3904)
emulator: _qemudPipe_wakeOn: -> 2
emulator: _qemudPipe_sendBuffers: AT+CTEC?
emulator: _qemudPipe_sendBuffers: \r
emulator: _qemud_pipe_send: len= 13 '+CTEC: 1,f\rOK'
emulator: _qemud_pipe_send: len=  1 '\r'
emulator: _qemudPipe_recvBuffers: -> 14 (of 3904)
emulator: _qemudPipe_wakeOn: -> 2
emulator: _qemudPipe_sendBuffers: AT+CTEC=?
emulator: _qemudPipe_sendBuffers: \r
emulator: _qemud_pipe_send: len= 17 '+CTEC: 0,1,2,3\rOK'
emulator: _qemud_pipe_send: len=  1 '\r'
emulator: _qemudPipe_recvBuffers: -> 18 (of 3904)
emulator: _qemudPipe_wakeOn: -> 2
emulator: _qemudPipe_sendBuffers: ATE0Q0V1
emulator: _qemudPipe_sendBuffers: \r
emulator: _qemud_pipe_send: len=  2 'OK'
emulator: _qemud_pipe_send: len=  1 '\r'
emulator: _qemudPipe_recvBuffers: -> 3 (of 3904)
emulator: _qemudPipe_wakeOn: -> 2
emulator: _qemudPipe_sendBuffers: ATS0=0
emulator: _qemudPipe_sendBuffers: \r
emulator: _qemud_pipe_send: len=  2 'OK'
emulator: _qemud_pipe_send: len=  1 '\r'
emulator: _qemudPipe_recvBuffers: -> 3 (of 3904)
emulator: _qemudPipe_wakeOn: -> 2
emulator: _qemudPipe_sendBuffers: AT+CMEE=1
emulator: _qemudPipe_sendBuffers: \r
emulator: _qemud_pipe_send: len=  2 'OK'
emulator: _qemud_pipe_send: len=  1 '\r'
emulator: _qemudPipe_recvBuffers: -> 3 (of 3904)
emulator: _qemudPipe_wakeOn: -> 2
emulator: _qemudPipe_sendBuffers: AT+CREG=2
emulator: _qemudPipe_sendBuffers: \r
emulator: _qemud_pipe_send: len=  2 'OK'
emulator: _qemud_pipe_send: len=  1 '\r'
emulator: _qemudPipe_recvBuffers: -> 3 (of 3904)
emulator: _qemudPipe_sendBuffers: AT+CGREG=1
emulator: _qemudPipe_wakeOn: -> 2
emulator: _qemudPipe_sendBuffers: \r
emulator: _qemud_pipe_send: len=  2 'OK'
emulator: _qemud_pipe_send: len=  1 '\r'
emulator: _qemudPipe_recvBuffers: -> 3 (of 3904)
emulator: _qemudPipe_sendBuffers: AT+CCWA=1
emulator: _qemudPipe_wakeOn: -> 2
emulator: _qemudPipe_sendBuffers: \r
emulator: _qemud_pipe_send: len=  2 'OK'
emulator: _qemud_pipe_send: len=  1 '\r'
emulator: _qemudPipe_recvBuffers: -> 3 (of 3904)
emulator: _qemudPipe_wakeOn: -> 2
emulator: _qemudPipe_sendBuffers: AT+CMOD=0
emulator: _qemudPipe_sendBuffers: \r
emulator: _qemud_pipe_send: len=  2 'OK'
emulator: _qemud_pipe_send: len=  1 '\r'
emulator: _qemudPipe_recvBuffers: -> 3 (of 3904)
emulator: _qemudPipe_sendBuffers: AT+CMUT=0
emulator: _qemudPipe_wakeOn: -> 2
emulator: _qemudPipe_sendBuffers: \r
emulator: _qemud_pipe_send: len=  2 'OK'
emulator: _qemud_pipe_send: len=  1 '\r'
emulator: _qemudPipe_recvBuffers: -> 3 (of 3904)
emulator: _qemudPipe_sendBuffers: AT+CSSN=0,1
emulator: _qemudPipe_wakeOn: -> 2
emulator: _qemudPipe_sendBuffers: \r
emulator: _qemud_pipe_send: len=  2 'OK'
emulator: _qemud_pipe_send: len=  1 '\r'
emulator: _qemudPipe_recvBuffers: -> 3 (of 3904)
emulator: _qemudPipe_sendBuffers: AT+COLP=0
emulator: _qemudPipe_wakeOn: -> 2
emulator: _qemudPipe_sendBuffers: \r
emulator: _qemud_pipe_send: len=  2 'OK'
emulator: _qemud_pipe_send: len=  1 '\r'
emulator: _qemudPipe_recvBuffers: -> 3 (of 3904)
emulator: _qemudPipe_sendBuffers: AT+CSCS="HEX"
emulator: _qemudPipe_wakeOn: -> 2
emulator: _qemudPipe_sendBuffers: \r
emulator: _qemud_pipe_send: len=  2 'OK'
emulator: _qemud_pipe_send: len=  1 '\r'
emulator: _qemudPipe_recvBuffers: -> 3 (of 3904)
emulator: _qemudPipe_sendBuffers: AT+CUSD=1
emulator: _qemudPipe_wakeOn: -> 2
emulator: _qemudPipe_sendBuffers: \r
emulator: _qemud_pipe_send: len=  2 'OK'
emulator: _qemud_pipe_send: len=  1 '\r'
emulator: _qemudPipe_recvBuffers: -> 3 (of 3904)
emulator: _qemudPipe_sendBuffers: AT+CGEREP=1,0
emulator: _qemudPipe_wakeOn: -> 2
emulator: _qemudPipe_sendBuffers: \r
emulator: _qemud_pipe_send: len=  2 'OK'
emulator: _qemud_pipe_send: len=  1 '\r'
emulator: _qemudPipe_recvBuffers: -> 3 (of 3904)
emulator: _qemudPipe_sendBuffers: AT+CMGF=0
emulator: _qemudPipe_wakeOn: -> 2
emulator: _qemudPipe_sendBuffers: \r
emulator: _qemud_pipe_send: len= 47 '%CTZV: 19/03/21:09:09:25-4:0:Europe!Warsaw\r\n\rOK'
emulator: _qemud_pipe_send: len=  1 '\r'
emulator: _qemudPipe_recvBuffers: -> 48 (of 3904)
emulator: _qemudPipe_sendBuffers: AT+CFUN?
emulator: _qemudPipe_wakeOn: -> 2
emulator: _qemudPipe_sendBuffers: \r
emulator: _qemud_pipe_send: len= 11 '+CFUN: 0\rOK'
emulator: _qemud_pipe_send: len=  1 '\r'
emulator: _qemudPipe_recvBuffers: -> 12 (of 3904)
emulator: _qemudPipe_wakeOn: -> 2
[    4.233382] warning: `main' uses 32-bit capabilities (legacy support in use)
emulator: MemoryReport: uptime: 5542, Res/ResMax/Virt/VirtMax: 344530944 344530944 6619197440 0
emulator: sending '$GPGGA,090925,3725.3199,N,12205.0400,W,1,6,,5.0,M,0.,M,,,*47'
emulator: sending '$GPRMC,090925,A,3725.3199,N,12205.0400,W,0.00,0.00,210319,0.0,W*47'
[    4.585948] type=1400 audit(1553159364.574:13): avc: denied { write } for pid=1326 comm="main" name="property_service" dev="tmpfs" ino=1079 scontext=u:r:zygote:s0 tcontext=u:object_r:property_socket:s0 tclass=sock_file permissive=0
emulator: MemoryReport: uptime: 6542, Res/ResMax/Virt/VirtMax: 381632512 381632512 6618124288 0
emulator: Error while connecting to socket '127.0.0.1:1970': 61 -> Connection refused
emulator: ASC 127.0.0.1:1970: Retrying connection. Connector FD = 25
emulator: sending '$GPGGA,090926,3725.3199,N,12205.0400,W,1,6,,5.0,M,0.,M,,,*47'
emulator: sending '$GPRMC,090926,A,3725.3199,N,12205.0400,W,0.00,0.00,210319,0.0,W*47'
emulator: MemoryReport: uptime: 7541, Res/ResMax/Virt/VirtMax: 441462784 441462784 6618124288 0
emulator: sending '$GPGGA,090927,3725.3199,N,12205.0400,W,1,6,,5.0,M,0.,M,,,*47'
emulator: sending '$GPRMC,090927,A,3725.3199,N,12205.0400,W,0.00,0.00,210319,0.0,W*47'
emulator: qemud_service_connect_client: registered client channel -1 for 'sensors' service
emulator: _qemudPipe_sendBuffers: 000c
emulator: _qemudPipe_sendBuffers: list-sensors
emulator: _hwSensorClient_receive: 'list-sensors'
emulator: _hwSensorClient_send: '2047'
emulator: _qemud_pipe_send: len=  4 '2047'
emulator: _qemudPipe_recvBuffers: -> 4 (of 4)
emulator: _qemudPipe_recvBuffers: -> 4 (of 4)
emulator: _qemudPipe_closeFromGuest
emulator: qemud_service_connect_client: registered client channel -1 for 'sensors' service
emulator: _qemudPipe_sendBuffers: 000c
emulator: _qemudPipe_sendBuffers: list-sensors
emulator: _hwSensorClient_receive: 'list-sensors'
emulator: _hwSensorClient_send: '2047'
emulator: _qemud_pipe_send: len=  4 '2047'
emulator: _qemudPipe_recvBuffers: -> 4 (of 4)
emulator: _qemudPipe_recvBuffers: -> 4 (of 4)
emulator: _qemudPipe_closeFromGuest
emulator: qemud_service_connect_client: registered client channel -1 for 'sensors' service
emulator: _qemudPipe_sendBuffers: 000c
emulator: _qemudPipe_sendBuffers: list-sensors
emulator: _hwSensorClient_receive: 'list-sensors'
emulator: _hwSensorClient_send: '2047'
emulator: _qemud_pipe_send: len=  4 '2047'
emulator: _qemudPipe_recvBuffers: -> 4 (of 4)
emulator: _qemudPipe_recvBuffers: -> 4 (of 4)
emulator: _qemudPipe_closeFromGuest
emulator: qemud_service_connect_client: registered client channel -1 for 'sensors' service
emulator: _qemudPipe_wakeOn: -> 2
[    6.294811] healthd: battery l=100 v=0 t=0.0 h=2 st=2 chg=a
emulator: qemud_service_connect_client: registered client channel -1 for 'hw-control' service
emulator: _qemudPipe_sendBuffers: 000avibrator:0
[    6.529291] lowmemorykiller: lowmem_shrink: convert oom_adj to oom_score_adj:
[    6.533080] lowmemorykiller: oom_adj 0 => oom_score_adj 0
[    6.535282] lowmemorykiller: oom_adj 1 => oom_score_adj 58
[    6.536979] lowmemorykiller: oom_adj 2 => oom_score_adj 117
[    6.538824] lowmemorykiller: oom_adj 3 => oom_score_adj 176
[    6.540797] lowmemorykiller: oom_adj 9 => oom_score_adj 529
[    6.542833] lowmemorykiller: oom_adj 15 => oom_score_adj 1000
[    6.579472] type=1400 audit(1553159366.564:14): avc: granted { read write } for pid=1269 comm="vold" name="vdd" dev="tmpfs" ino=4008 scontext=u:r:vold:s0 tcontext=u:object_r:block_device:s0 tclass=blk_file
[    6.586395] type=1400 audit(1553159366.564:15): avc: granted { read write open } for pid=1269 comm="vold" path="/dev/block/vdd" dev="tmpfs" ino=4008 scontext=u:r:vold:s0 tcontext=u:object_r:block_device:s0 tclass=blk_file
[    6.594625] type=1400 audit(1553159366.564:16): avc: granted { getattr } for pid=1269 comm="vold" path="/dev/block/vdd" dev="tmpfs" ino=4008 scontext=u:r:vold:s0 tcontext=u:object_r:block_device:s0 tclass=blk_file
[    6.603297] type=1400 audit(1553159366.584:17): avc: granted { read } for pid=1269 comm="vold" name="vdd" dev="tmpfs" ino=4008 scontext=u:r:vold:s0 tcontext=u:object_r:block_device:s0 tclass=blk_file
[    6.610557] type=1400 audit(1553159366.584:18): avc: granted { read open } for pid=1269 comm="vold" path="/dev/block/vdd" dev="tmpfs" ino=4008 scontext=u:r:vold:s0 tcontext=u:object_r:block_device:s0 tclass=blk_file
emulator: _hwFingerprint_connect: connect finger print listen is called

emulator: qemud_service_connect_client: registered client channel -1 for 'fingerprintlisten' service
emulator: _qemudPipe_sendBuffers: 0006
emulator: _qemudPipe_sendBuffers: listen
emulator: got message from guest system fingerprint HAL

emulator: _qemudPipe_sendBuffers: 000avibrator:0
emulator: _qemudPipe_sendBuffers: 000avibrator:0
emulator: MemoryReport: uptime: 8541, Res/ResMax/Virt/VirtMax: 495697920 495697920 6642024448 0
emulator: sending '$GPGGA,090928,3725.3199,N,12205.0400,W,1,6,,5.0,M,0.,M,,,*47'
emulator: sending '$GPRMC,090928,A,3725.3199,N,12205.0400,W,0.00,0.00,210319,0.0,W*47'
emulator: qemud_service_connect_client: registered client channel -1 for 'gps' service
emulator: _qemud_pipe_send: len=512 '$GPGGA,090920,3725.3199,N,12205.0400,W,1,6,,5.0,M,0.,M,,,*47\n$GPRMC,090920,A,3725.3199,N,12205.0400,W,0.00,0.00,210319,0.0,W*47\n$GPGGA,090921,3725.3199,N,12205.0400,W,1,6,,5.0,M,0.,M,,,*47\n$GPRMC,090921,A,3725.3199,N,12205.0400,W,0.00,0.00,210319,0.0,W*47\n$GPGGA,090922,3725.3199,N,12205.0400,W,1,6,,5.0,M,0.,M,,,*47\n$GPRMC,090922,A,3725.3199,N,12205.0400,W,0.00,0.00,210319,0.0,W*47\n$GPGGA,090923,3725.3199,N,12205.0400,W,1,6,,5.0,M,0.,M,,,*47\n$GPRMC,090923,A,3725.3199,N,12205.0400,W,0.00,0.00,210319,0.0,W*47\n'
emulator: _qemud_pipe_send: len=512 '$GPGGA,090924,3725.3199,N,12205.0400,W,1,6,,5.0,M,0.,M,,,*47\n$GPRMC,090924,A,3725.3199,N,12205.0400,W,0.00,0.00,210319,0.0,W*47\n$GPGGA,090925,3725.3199,N,12205.0400,W,1,6,,5.0,M,0.,M,,,*47\n$GPRMC,090925,A,3725.3199,N,12205.0400,W,0.00,0.00,210319,0.0,W*47\n$GPGGA,090926,3725.3199,N,12205.0400,W,1,6,,5.0,M,0.,M,,,*47\n$GPRMC,090926,A,3725.3199,N,12205.0400,W,0.00,0.00,210319,0.0,W*47\n$GPGGA,090927,3725.3199,N,12205.0400,W,1,6,,5.0,M,0.,M,,,*47\n$GPRMC,090927,A,3725.3199,N,12205.0400,W,0.00,0.00,210319,0.0,W*47\n'
emulator: _qemud_pipe_send: len=128 '$GPGGA,090928,3725.3199,N,12205.0400,W,1,6,,5.0,M,0.,M,,,*47\n$GPRMC,090928,A,3725.3199,N,12205.0400,W,0.00,0.00,210319,0.0,W*47\n'
emulator: _qemudPipe_recvBuffers: -> 32 (of 32)
emulator: _qemudPipe_recvBuffers: -> 32 (of 32)
emulator: _qemudPipe_recvBuffers: -> 32 (of 32)
emulator: _qemudPipe_recvBuffers: -> 32 (of 32)
emulator: _qemudPipe_recvBuffers: -> 32 (of 32)
emulator: _qemudPipe_recvBuffers: -> 32 (of 32)
emulator: _qemudPipe_recvBuffers: -> 32 (of 32)
emulator: _qemudPipe_recvBuffers: -> 32 (of 32)
emulator: _qemudPipe_recvBuffers: -> 32 (of 32)
emulator: _qemudPipe_recvBuffers: -> 32 (of 32)
emulator: _qemudPipe_recvBuffers: -> 32 (of 32)
emulator: _qemudPipe_recvBuffers: -> 32 (of 32)
emulator: _qemudPipe_recvBuffers: -> 32 (of 32)
emulator: _qemudPipe_recvBuffers: -> 32 (of 32)
emulator: _qemudPipe_recvBuffers: -> 32 (of 32)
emulator: _qemudPipe_recvBuffers: -> 32 (of 32)
emulator: _qemudPipe_recvBuffers: -> 32 (of 32)
emulator: _qemudPipe_recvBuffers: -> 32 (of 32)
emulator: _qemudPipe_recvBuffers: -> 32 (of 32)
emulator: _qemudPipe_recvBuffers: -> 32 (of 32)
emulator: _qemudPipe_recvBuffers: -> 32 (of 32)
emulator: _qemudPipe_recvBuffers: -> 32 (of 32)
emulator: _qemudPipe_recvBuffers: -> 32 (of 32)
emulator: _qemudPipe_recvBuffers: -> 32 (of 32)
emulator: _qemudPipe_recvBuffers: -> 32 (of 32)
emulator: _qemudPipe_recvBuffers: -> 32 (of 32)
emulator: _qemudPipe_recvBuffers: -> 32 (of 32)
emulator: _qemudPipe_recvBuffers: -> 32 (of 32)
emulator: _qemudPipe_recvBuffers: -> 32 (of 32)
emulator: _qemudPipe_recvBuffers: -> 32 (of 32)
emulator: _qemudPipe_recvBuffers: -> 32 (of 32)
emulator: _qemudPipe_recvBuffers: -> 32 (of 32)
emulator: _qemudPipe_recvBuffers: -> 32 (of 32)
emulator: _qemudPipe_recvBuffers: -> 32 (of 32)
emulator: _qemudPipe_recvBuffers: -> 32 (of 32)
emulator: _qemudPipe_recvBuffers: -> 32 (of 32)
emulator: _qemudPipe_sendBuffers: 000avibrator:0
emulator: _qemudPipe_sendBuffers: AT+CFUN=1
emulator: _qemudPipe_sendBuffers: \r
emulator: _qemud_pipe_send: len=  2 'OK'
emulator: _qemud_pipe_send: len=  1 '\r'
emulator: _qemudPipe_recvBuffers: -> 3 (of 3904)
emulator: _qemudPipe_wakeOn: -> 2
emulator: MemoryReport: uptime: 9542, Res/ResMax/Virt/VirtMax: 634667008 640475136 6747467776 0
emulator: Error while connecting to socket '127.0.0.1:1970': 61 -> Connection refused
emulator: ASC 127.0.0.1:1970: Retrying connection. Connector FD = 25
emulator: _qemudPipe_sendBuffers: AT+COPS=3,0;+COPS?;+COPS=3,1;+COPS?;+COPS=3,2;+COPS?
emulator: _qemudPipe_sendBuffers: \r
emulator: _qemud_pipe_send: len= 64 '+COPS: 0,0,"Android"\r+COPS: 0,1,"Android"\r+COPS: 0,2,"310260"\rOK'
emulator: _qemud_pipe_send: len=  1 '\r'
emulator: _qemudPipe_recvBuffers: -> 65 (of 3904)
emulator: _qemudPipe_wakeOn: -> 2
emulator: _qemudPipe_sendBuffers: AT+CGREG?
emulator: _qemudPipe_sendBuffers: \r
emulator: _qemud_pipe_send: len= 35 '+CGREG: 1,1,"0003","005b","000e"\rOK'
emulator: _qemud_pipe_send: len=  1 '\r'
emulator: _qemudPipe_recvBuffers: -> 36 (of 3904)
emulator: _qemudPipe_wakeOn: -> 2
emulator: _qemudPipe_sendBuffers: AT+CREG?
emulator: _qemudPipe_sendBuffers: \r
emulator: _qemud_pipe_send: len= 29 '+CREG: 2,1, "0003", "005b"\rOK'
emulator: _qemud_pipe_send: len=  1 '\r'
emulator: _qemudPipe_recvBuffers: -> 30 (of 3904)
emulator: _qemudPipe_wakeOn: -> 2
emulator: _qemudPipe_sendBuffers: AT+COPS?
emulator: _qemudPipe_sendBuffers: \r
emulator: _qemud_pipe_send: len= 20 '+COPS: 0,2,310260\rOK'
emulator: _qemud_pipe_send: len=  1 '\r'
emulator: _qemudPipe_recvBuffers: -> 21 (of 3904)
emulator: _qemudPipe_wakeOn: -> 2
emulator: sending '$GPGGA,090929,3725.3199,N,12205.0400,W,1,6,,5.0,M,0.,M,,,*47'
emulator: _qemud_pipe_send: len= 60 '$GPGGA,090929,3725.3199,N,12205.0400,W,1,6,,5.0,M,0.,M,,,*47'
emulator: _qemud_pipe_send: len=  1 '\n'
emulator: sending '$GPRMC,090929,A,3725.3199,N,12205.0400,W,0.00,0.00,210319,0.0,W*47'
emulator: _qemud_pipe_send: len= 66 '$GPRMC,090929,A,3725.3199,N,12205.0400,W,0.00,0.00,210319,0.0,W*47'
emulator: _qemud_pipe_send: len=  1 '\n'
emulator: _qemudPipe_recvBuffers: -> 32 (of 32)
emulator: _qemudPipe_recvBuffers: -> 32 (of 32)
emulator: _qemudPipe_recvBuffers: -> 32 (of 32)
emulator: _qemudPipe_recvBuffers: -> 32 (of 32)
emulator: _qemudPipe_sendBuffers: 0012
emulator: _qemudPipe_sendBuffers: set:acceleration:1
emulator: _hwSensorClient_receive: 'set:acceleration:1'
emulator: _hwSensorClient_receive: enabling acceleration sensor
emulator: _hwSensorClient_send: 'acceleration:0:9.77631:0.812349'
emulator: _qemud_pipe_send: len= 31 'acceleration:0:9.77631:0.812349'
emulator: _hwSensorClient_send: 'guest-sync:9098634000'
emulator: _qemud_pipe_send: len= 21 'guest-sync:9098634000'
emulator: _hwSensorClient_send: 'sync:9098634'
emulator: _qemud_pipe_send: len= 12 'sync:9098634'
emulator: _qemudPipe_sendBuffers: 000c
emulator: _qemudPipe_sendBuffers: set-delay:66
emulator: _hwSensorClient_receive: 'set-delay:66'
emulator: _hwSensorClient_send: 'acceleration:0:9.77631:0.812349'
emulator: _qemud_pipe_send: len= 31 'acceleration:0:9.77631:0.812349'
emulator: _hwSensorClient_send: 'guest-sync:9098833000'
emulator: _qemud_pipe_send: len= 21 'guest-sync:9098833000'
emulator: _hwSensorClient_send: 'sync:9098833'
emulator: _qemud_pipe_send: len= 12 'sync:9098833'
emulator: _qemudPipe_recvBuffers: -> 4 (of 4)
emulator: _qemudPipe_recvBuffers: -> 31 (of 31)
emulator: _qemudPipe_recvBuffers: -> 4 (of 4)
emulator: _qemudPipe_recvBuffers: -> 21 (of 21)
emulator: _qemudPipe_recvBuffers: -> 4 (of 4)
emulator: _qemudPipe_recvBuffers: -> 12 (of 12)
emulator: _qemudPipe_recvBuffers: -> 4 (of 4)
emulator: _qemudPipe_recvBuffers: -> 31 (of 31)
emulator: _qemudPipe_recvBuffers: -> 4 (of 4)
emulator: _qemudPipe_recvBuffers: -> 21 (of 21)
emulator: _qemudPipe_recvBuffers: -> 4 (of 4)
emulator: _qemudPipe_recvBuffers: -> 12 (of 12)
emulator: _qemudPipe_wakeOn: -> 2
emulator: _qemudPipe_sendBuffers: AT+CGSN
emulator: _qemudPipe_sendBuffers: \r
emulator: _qemud_pipe_send: len= 18 '358240051111110\rOK'
emulator: _qemud_pipe_send: len=  1 '\r'
emulator: _qemudPipe_recvBuffers: -> 19 (of 3904)
emulator: _qemudPipe_wakeOn: -> 2
emulator: _hwSensorClient_send: 'acceleration:0:9.77631:0.812349'
emulator: _qemud_pipe_send: len= 31 'acceleration:0:9.77631:0.812349'
emulator: _hwSensorClient_send: 'guest-sync:9164740000'
emulator: _qemud_pipe_send: len= 21 'guest-sync:9164740000'
emulator: _hwSensorClient_send: 'sync:9164740'
emulator: _qemud_pipe_send: len= 12 'sync:9164740'
emulator: _qemudPipe_recvBuffers: -> 4 (of 4)
emulator: _qemudPipe_recvBuffers: -> 31 (of 31)
emulator: _qemudPipe_recvBuffers: -> 4 (of 4)
emulator: _qemudPipe_recvBuffers: -> 21 (of 21)
emulator: _qemudPipe_recvBuffers: -> 4 (of 4)
emulator: _qemudPipe_recvBuffers: -> 12 (of 12)
emulator: _qemudPipe_wakeOn: -> 2
emulator: _hwSensorClient_send: 'acceleration:0:9.77631:0.812349'
emulator: _qemud_pipe_send: len= 31 'acceleration:0:9.77631:0.812349'
emulator: _hwSensorClient_send: 'guest-sync:9230094000'
emulator: _qemud_pipe_send: len= 21 'guest-sync:9230094000'
emulator: _hwSensorClient_send: 'sync:9230094'
emulator: _qemud_pipe_send: len= 12 'sync:9230094'
emulator: _qemudPipe_recvBuffers: -> 4 (of 4)
emulator: _qemudPipe_recvBuffers: -> 31 (of 31)
emulator: _qemudPipe_recvBuffers: -> 4 (of 4)
emulator: _qemudPipe_recvBuffers: -> 21 (of 21)
emulator: _qemudPipe_recvBuffers: -> 4 (of 4)
emulator: _qemudPipe_recvBuffers: -> 12 (of 12)
emulator: _qemudPipe_wakeOn: -> 2
emulator: _qemudPipe_sendBuffers: AT+COPS=3,0;+COPS?;+COPS=3,1;+COPS?;+COPS=3,2;+COPS?
emulator: _qemudPipe_sendBuffers: \r
emulator: _qemud_pipe_send: len= 64 '+COPS: 0,0,"Android"\r+COPS: 0,1,"Android"\r+COPS: 0,2,"310260"\rOK'
emulator: _qemud_pipe_send: len=  1 '\r'
emulator: _qemudPipe_recvBuffers: -> 65 (of 3904)
emulator: _qemudPipe_wakeOn: -> 2
emulator: _qemudPipe_sendBuffers: AT+CGREG?
emulator: _qemudPipe_sendBuffers: \r
emulator: _qemud_pipe_send: len= 35 '+CGREG: 1,1,"0003","005b","000e"\rOK'
emulator: _qemud_pipe_send: len=  1 '\r'
emulator: _qemudPipe_recvBuffers: -> 36 (of 3904)
emulator: _qemudPipe_wakeOn: -> 2
emulator: _qemudPipe_sendBuffers: AT+CREG?
emulator: _qemudPipe_sendBuffers: \r
emulator: _qemud_pipe_send: len= 29 '+CREG: 2,1, "0003", "005b"\rOK'
emulator: _qemud_pipe_send: len=  1 '\r'
emulator: _qemudPipe_recvBuffers: -> 30 (of 3904)
emulator: _qemudPipe_wakeOn: -> 2
emulator: _qemudPipe_sendBuffers: AT+COPS?
emulator: _qemudPipe_sendBuffers: \r
emulator: _qemud_pipe_send: len= 20 '+COPS: 0,2,310260\rOK'
emulator: _qemud_pipe_send: len=  1 '\r'
emulator: _qemudPipe_recvBuffers: -> 21 (of 3904)
emulator: _qemudPipe_wakeOn: -> 2
emulator: _qemudPipe_sendBuffers: AT+CLCC
emulator: _qemudPipe_sendBuffers: \r
emulator: _qemud_pipe_send: len=  3 '\rOK'
emulator: _qemud_pipe_send: len=  1 '\r'
emulator: _qemudPipe_recvBuffers: -> 4 (of 3904)
emulator: _qemudPipe_wakeOn: -> 2
emulator: _qemudPipe_sendBuffers: AT+CPIN?
emulator: _qemudPipe_sendBuffers: \r
emulator: _qemud_pipe_send: len= 15 '+CPIN: READY\rOK'
emulator: _qemud_pipe_send: len=  1 '\r'
emulator: _qemudPipe_recvBuffers: -> 16 (of 3904)
emulator: _qemudPipe_wakeOn: -> 2
emulator: _hwSensorClient_send: 'acceleration:0:9.77631:0.812349'
emulator: _qemud_pipe_send: len= 31 'acceleration:0:9.77631:0.812349'
emulator: _hwSensorClient_send: 'guest-sync:9296039000'
emulator: _qemud_pipe_send: len= 21 'guest-sync:9296039000'
emulator: _hwSensorClient_send: 'sync:9296039'
emulator: _qemud_pipe_send: len= 12 'sync:9296039'
emulator: _qemudPipe_recvBuffers: -> 4 (of 4)
emulator: _qemudPipe_recvBuffers: -> 31 (of 31)
emulator: _qemudPipe_recvBuffers: -> 4 (of 4)
emulator: _qemudPipe_recvBuffers: -> 21 (of 21)
emulator: _qemudPipe_recvBuffers: -> 4 (of 4)
emulator: _qemudPipe_recvBuffers: -> 12 (of 12)
emulator: _qemudPipe_wakeOn: -> 2
emulator: _hwSensorClient_send: 'acceleration:0:9.77631:0.812349'
emulator: _qemud_pipe_send: len= 31 'acceleration:0:9.77631:0.812349'
emulator: _hwSensorClient_send: 'guest-sync:9363049000'
emulator: _qemud_pipe_send: len= 21 'guest-sync:9363049000'
emulator: _hwSensorClient_send: 'sync:9363049'
emulator: _qemud_pipe_send: len= 12 'sync:9363049'
emulator: _qemudPipe_recvBuffers: -> 4 (of 4)
emulator: _qemudPipe_recvBuffers: -> 31 (of 31)
emulator: _qemudPipe_recvBuffers: -> 4 (of 4)
emulator: _qemudPipe_recvBuffers: -> 21 (of 21)
emulator: _qemudPipe_recvBuffers: -> 4 (of 4)
emulator: _qemudPipe_recvBuffers: -> 12 (of 12)
emulator: _qemudPipe_wakeOn: -> 2
emulator: _hwSensorClient_send: 'acceleration:0:9.77631:0.812349'
emulator: _qemud_pipe_send: len= 31 'acceleration:0:9.77631:0.812349'
emulator: _hwSensorClient_send: 'guest-sync:9429525000'
emulator: _qemud_pipe_send: len= 21 'guest-sync:9429525000'
emulator: _hwSensorClient_send: 'sync:9429525'
emulator: _qemud_pipe_send: len= 12 'sync:9429525'
emulator: _qemudPipe_recvBuffers: -> 4 (of 4)
emulator: _qemudPipe_recvBuffers: -> 31 (of 31)
emulator: _qemudPipe_recvBuffers: -> 4 (of 4)
emulator: _qemudPipe_recvBuffers: -> 21 (of 21)
emulator: _qemudPipe_recvBuffers: -> 4 (of 4)
emulator: _qemudPipe_recvBuffers: -> 12 (of 12)
emulator: _qemudPipe_wakeOn: -> 2
emulator: _hwSensorClient_send: 'acceleration:0:9.77631:0.812349'
emulator: _qemud_pipe_send: len= 31 'acceleration:0:9.77631:0.812349'
emulator: _hwSensorClient_send: 'guest-sync:9513497000'
emulator: _qemud_pipe_send: len= 21 'guest-sync:9513497000'
emulator: _hwSensorClient_send: 'sync:9513497'
emulator: _qemud_pipe_send: len= 12 'sync:9513497'
emulator: _qemudPipe_recvBuffers: -> 4 (of 4)
emulator: _qemudPipe_recvBuffers: -> 31 (of 31)
emulator: _qemudPipe_recvBuffers: -> 4 (of 4)
emulator: _qemudPipe_recvBuffers: -> 21 (of 21)
emulator: _qemudPipe_recvBuffers: -> 4 (of 4)
emulator: _qemudPipe_recvBuffers: -> 12 (of 12)
emulator: _qemudPipe_wakeOn: -> 2
emulator: _hwSensorClient_send: 'acceleration:0:9.77631:0.812349'
emulator: _qemud_pipe_send: len= 31 'acceleration:0:9.77631:0.812349'
emulator: _hwSensorClient_send: 'guest-sync:9580512000'
emulator: _qemud_pipe_send: len= 21 'guest-sync:9580512000'
emulator: _hwSensorClient_send: 'sync:9580512'
emulator: _qemud_pipe_send: len= 12 'sync:9580512'
emulator: _qemudPipe_recvBuffers: -> 4 (of 4)
emulator: _qemudPipe_recvBuffers: -> 31 (of 31)
emulator: _qemudPipe_recvBuffers: -> 4 (of 4)
emulator: _qemudPipe_recvBuffers: -> 21 (of 21)
emulator: _qemudPipe_recvBuffers: -> 4 (of 4)
emulator: _qemudPipe_recvBuffers: -> 12 (of 12)
emulator: _qemudPipe_wakeOn: -> 2
emulator: _qemudPipe_sendBuffers: AT+CIMI
emulator: _qemudPipe_sendBuffers: \r
emulator: _qemud_pipe_send: len= 18 '310260000000000\rOK'
emulator: _qemud_pipe_send: len=  1 '\r'
emulator: _qemudPipe_recvBuffers: -> 19 (of 3904)
emulator: _qemudPipe_wakeOn: -> 2
emulator: _qemudPipe_sendBuffers: AT+CRSM=192,12258,0,0,15
emulator: _qemudPipe_sendBuffers: \r
emulator: _qemud_pipe_send: len= 46 '+CRSM: 144,0,0000000a2fe204000fa0aa01020000\rOK'
emulator: _qemud_pipe_send: len=  1 '\r'
emulator: _qemudPipe_recvBuffers: -> 47 (of 3904)
emulator: _qemudPipe_wakeOn: -> 2
emulator: _hwSensorClient_send: 'acceleration:0:9.77631:0.812349'
emulator: _qemud_pipe_send: len= 31 'acceleration:0:9.77631:0.812349'
emulator: _hwSensorClient_send: 'guest-sync:9646636000'
emulator: _qemud_pipe_send: len= 21 'guest-sync:9646636000'
emulator: _hwSensorClient_send: 'sync:9646636'
emulator: _qemud_pipe_send: len= 12 'sync:9646636'
emulator: _qemudPipe_sendBuffers: AT+CRSM=192,28480,0,0,15
emulator: _qemudPipe_sendBuffers: \r
emulator: _qemud_pipe_send: len= 46 '+CRSM: 144,0,000000806f40040011a0aa01020120\rOK'
emulator: _qemud_pipe_send: len=  1 '\r'
emulator: _qemudPipe_recvBuffers: -> 4 (of 4)
emulator: _qemudPipe_recvBuffers: -> 31 (of 31)
emulator: _qemudPipe_recvBuffers: -> 47 (of 3904)
emulator: _qemudPipe_recvBuffers: -> 4 (of 4)
emulator: _qemudPipe_recvBuffers: -> 21 (of 21)
emulator: _qemudPipe_recvBuffers: -> 4 (of 4)
emulator: _qemudPipe_wakeOn: -> 2
emulator: _qemudPipe_recvBuffers: -> 12 (of 12)
emulator: _qemudPipe_wakeOn: -> 2
emulator: _qemudPipe_sendBuffers: AT+CRSM=192,28617,0,0,15
emulator: _qemudPipe_sendBuffers: \r
emulator: _qemud_pipe_send: len= 46 '+CRSM: 144,0,000000086fc9040011a0aa01020104\rOK'
emulator: _qemud_pipe_send: len=  1 '\r'
emulator: _qemudPipe_recvBuffers: -> 47 (of 3904)
emulator: _qemudPipe_wakeOn: -> 2
emulator: _qemudPipe_sendBuffers: AT+CRSM=192,28589,0,0,15
emulator: _qemudPipe_sendBuffers: \r
emulator: _qemud_pipe_send: len= 46 '+CRSM: 144,0,000000046fad04000aa0aa01020000\rOK'
emulator: _qemud_pipe_send: len=  1 '\r'
emulator: _qemudPipe_recvBuffers: -> 47 (of 3904)
emulator: _qemudPipe_wakeOn: -> 2
emulator: _qemudPipe_sendBuffers: AT+CRSM=192,28618,0,0,15
emulator: _qemudPipe_sendBuffers: \r
emulator: _qemud_pipe_send: len= 46 '+CRSM: 144,0,0000000a6fca040011a0aa01020105\rOK'
emulator: _qemud_pipe_send: len=  1 '\r'
emulator: _qemudPipe_recvBuffers: -> 47 (of 3904)
emulator: _qemudPipe_wakeOn: -> 2
emulator: _qemudPipe_sendBuffers: AT+CRSM=192,28433,0,0,15
emulator: _qemudPipe_sendBuffers: \r
emulator: _qemud_pipe_send: len= 46 '+CRSM: 144,0,000000016f11040011a0aa01020000\rOK'
emulator: _qemud_pipe_send: len=  1 '\r'
emulator: _qemudPipe_recvBuffers: -> 47 (of 3904)
emulator: _qemudPipe_wakeOn: -> 2
emulator: _qemudPipe_sendBuffers: AT+CRSM=192,28619,0,0,15
emulator: _qemudPipe_sendBuffers: \r
emulator: _qemud_pipe_send: len= 18 'ERROR: BAD COMMAND'
emulator: _qemud_pipe_send: len=  1 '\r'
emulator: _qemudPipe_recvBuffers: -> 19 (of 3904)
emulator: _qemudPipe_wakeOn: -> 2
emulator: _qemudPipe_sendBuffers: AT+CRSM=192,28435,0,0,15
emulator: _qemudPipe_sendBuffers: \r
emulator: _qemud_pipe_send: len= 46 '+CRSM: 144,0,000000016f13040011a0aa01020000\rOK'
emulator: _qemud_pipe_send: len=  1 '\r'
emulator: _qemudPipe_recvBuffers: -> 47 (of 3904)
emulator: _qemudPipe_wakeOn: -> 2
emulator: _qemudPipe_sendBuffers: AT+CRSM=192,28486,0,0,15
emulator: _qemudPipe_sendBuffers: \r
emulator: _qemud_pipe_send: len= 15 '+CRSM: 148,4\rOK'
emulator: _qemud_pipe_send: len=  1 '\r'
emulator: _qemudPipe_recvBuffers: -> 16 (of 3904)
emulator: _qemudPipe_wakeOn: -> 2
emulator: _qemudPipe_sendBuffers: AT+CRSM=192,28621,0,0,15
emulator: _qemudPipe_sendBuffers: \r
emulator: _qemud_pipe_send: len= 15 '+CRSM: 148,4\rOK'
emulator: _qemud_pipe_send: len=  1 '\r'
emulator: _qemudPipe_recvBuffers: -> 16 (of 3904)
emulator: _qemudPipe_wakeOn: -> 2
emulator: _qemudPipe_sendBuffers: AT+CRSM=192,28613,0,0,15
emulator: _qemudPipe_sendBuffers: \r
emulator: _qemud_pipe_send: len= 46 '+CRSM: 144,0,000000f06fc504000aa0aa01020118\rOK'
emulator: _qemud_pipe_send: len=  1 '\r'
emulator: _qemudPipe_recvBuffers: -> 47 (of 3904)
emulator: _qemudPipe_wakeOn: -> 2
emulator: _qemudPipe_sendBuffers: AT+CRSM=192,28472,0,0,15
emulator: _qemudPipe_sendBuffers: \r
